Archive member included because of file (symbol)

Libraries/libstm32f4xx.a(misc.o)
                              src\Mpu-9250/HalI2c2.o (NVIC_Init)
Libraries/libstm32f4xx.a(stm32f4xx_dma.o)
                              src\Stdout/HalUsart.o (DMA_Init)
Libraries/libstm32f4xx.a(stm32f4xx_exti.o)
                              src\AD7176-2/HalSpi2.o (EXTI_Init)
Libraries/libstm32f4xx.a(stm32f4xx_gpio.o)
                              src\Stdout/HalUsart.o (GPIO_Init)
Libraries/libstm32f4xx.a(stm32f4xx_i2c.o)
                              src\Mpu-9250/HalI2c2.o (I2C_Init)
Libraries/libstm32f4xx.a(stm32f4xx_rcc.o)
                              src/stm32f4xx_it.o (RCC_HSEConfig)
Libraries/libstm32f4xx.a(stm32f4xx_spi.o)
                              src\AD7176-2/HalSpi2.o (SPI_Init)
Libraries/libstm32f4xx.a(stm32f4xx_syscfg.o)
                              src\AD7176-2/HalSpi2.o (SYSCFG_EXTILineConfig)
Libraries/libstm32f4xx.a(stm32f4xx_tim.o)
                              src\Servo/HalTim.o (TIM_TimeBaseInit)
Libraries/libstm32f4xx.a(stm32f4xx_usart.o)
                              src\Stdout/HalUsart.o (USART_Init)
Libraries/libstm32f4xx.a(queue.o)
                              src\Stdout/HalUsart.o (xQueueGenericCreate)
Libraries/libstm32f4xx.a(tasks.o)
                              src/main.o (xTaskGenericCreate)
Libraries/libstm32f4xx.a(timers.o)
                              Libraries/libstm32f4xx.a(tasks.o) (xTimerCreateTimerTask)
Libraries/libstm32f4xx.a(port.o)
                              Libraries/libstm32f4xx.a(tasks.o) (pxPortInitialiseStack)
Libraries/libstm32f4xx.a(list.o)
                              Libraries/libstm32f4xx.a(queue.o) (vListInitialise)
Libraries/libstm32f4xx.a(heap_2.o)
                              Libraries/libstm32f4xx.a(queue.o) (pvPortMalloc)
../../yagarto/bin/../arm-none-eabi/lib/thumb\libc.a(lib_a-atexit.o)
                              e:/mydocument/dropbox/futuregadgetresearch/sa/eclipse_stm32/yagarto/bin/../lib/gcc/arm-none-eabi/4.6.2/../../../../arm-none-eabi/lib/thumb/v7m/crt0.o (atexit)
../../yagarto/bin/../arm-none-eabi/lib/thumb\libc.a(lib_a-errno.o)
                              src/syscalls.o (__errno)
../../yagarto/bin/../arm-none-eabi/lib/thumb\libc.a(lib_a-exit.o)
                              e:/mydocument/dropbox/futuregadgetresearch/sa/eclipse_stm32/yagarto/bin/../lib/gcc/arm-none-eabi/4.6.2/../../../../arm-none-eabi/lib/thumb/v7m/crt0.o (exit)
../../yagarto/bin/../arm-none-eabi/lib/thumb\libc.a(lib_a-fini.o)
                              e:/mydocument/dropbox/futuregadgetresearch/sa/eclipse_stm32/yagarto/bin/../lib/gcc/arm-none-eabi/4.6.2/../../../../arm-none-eabi/lib/thumb/v7m/crt0.o (__libc_fini_array)
../../yagarto/bin/../arm-none-eabi/lib/thumb\libc.a(lib_a-impure.o)
                              ../../yagarto/bin/../arm-none-eabi/lib/thumb\libc.a(lib_a-exit.o) (_global_impure_ptr)
../../yagarto/bin/../arm-none-eabi/lib/thumb\libc.a(lib_a-init.o)
                              e:/mydocument/dropbox/futuregadgetresearch/sa/eclipse_stm32/yagarto/bin/../lib/gcc/arm-none-eabi/4.6.2/../../../../arm-none-eabi/lib/thumb/v7m/crt0.o (__libc_init_array)
../../yagarto/bin/../arm-none-eabi/lib/thumb\libc.a(lib_a-malloc.o)
                              src\Stdout/HalUsart.o (malloc)
../../yagarto/bin/../arm-none-eabi/lib/thumb\libc.a(lib_a-mallocr.o)
                              ../../yagarto/bin/../arm-none-eabi/lib/thumb\libc.a(lib_a-malloc.o) (_malloc_r)
../../yagarto/bin/../arm-none-eabi/lib/thumb\libc.a(lib_a-memcmp.o)
                              Libraries/libstm32f4xx.a(tasks.o) (memcmp)
../../yagarto/bin/../arm-none-eabi/lib/thumb\libc.a(lib_a-memcpy.o)
                              Libraries/libstm32f4xx.a(queue.o) (memcpy)
../../yagarto/bin/../arm-none-eabi/lib/thumb\libc.a(lib_a-memset.o)
                              e:/mydocument/dropbox/futuregadgetresearch/sa/eclipse_stm32/yagarto/bin/../lib/gcc/arm-none-eabi/4.6.2/../../../../arm-none-eabi/lib/thumb/v7m/crt0.o (memset)
../../yagarto/bin/../arm-none-eabi/lib/thumb\libc.a(lib_a-mlock.o)
                              ../../yagarto/bin/../arm-none-eabi/lib/thumb\libc.a(lib_a-mallocr.o) (__malloc_lock)
../../yagarto/bin/../arm-none-eabi/lib/thumb\libc.a(lib_a-printf.o)
                              src/stm32f4xx_it.o (printf)
../../yagarto/bin/../arm-none-eabi/lib/thumb\libc.a(lib_a-sbrkr.o)
                              ../../yagarto/bin/../arm-none-eabi/lib/thumb\libc.a(lib_a-mallocr.o) (_sbrk_r)
../../yagarto/bin/../arm-none-eabi/lib/thumb\libc.a(lib_a-sprintf.o)
                              Libraries/libstm32f4xx.a(tasks.o) (sprintf)
../../yagarto/bin/../arm-none-eabi/lib/thumb\libc.a(lib_a-strlen.o)
                              Libraries/libstm32f4xx.a(tasks.o) (strlen)
../../yagarto/bin/../arm-none-eabi/lib/thumb\libc.a(lib_a-strncmp.o)
                              src\Stdout/SerialCommand.o (strncmp)
[...]
Memory Configuration

Name             Origin             Length             Attributes
FLASH            0x08000000         0x00100000         xr
RAM              0x20000000         0x00020000         xrw
CCMRAM           0x10000000         0x00010000         xrw
MEMORY_B1        0x60000000         0x00000000         xr
*default*        0x00000000         0xffffffff

Linker script and memory map

LOAD e:/mydocument/dropbox/futuregadgetresearch/sa/eclipse_stm32/yagarto/bin/../lib/gcc/arm-none-eabi/4.6.2/thumb/v7m/crti.o
LOAD e:/mydocument/dropbox/futuregadgetresearch/sa/eclipse_stm32/yagarto/bin/../lib/gcc/arm-none-eabi/4.6.2/thumb/v7m/crtbegin.o
LOAD e:/mydocument/dropbox/futuregadgetresearch/sa/eclipse_stm32/yagarto/bin/../lib/gcc/arm-none-eabi/4.6.2/../../../../arm-none-eabi/lib/thumb/v7m/crt0.o
LOAD ../../yagarto/bin/../arm-none-eabi/lib/thumb\libstdc++.a
LOAD src/stm32f4xx_it.o
LOAD src/syscalls.o
LOAD src/system_stm32f4xx.o
LOAD src\Stdout/HalUsart.o
LOAD src\Mpu-9250/HalI2c2.o
LOAD src\Servo/HalTim.o
LOAD src\AD7176-2/HalSpi2.o
LOAD src/main.o
LOAD src/tweak.o
LOAD src\Stdout/SerialCommand.o
LOAD src\Adis16488/Adis16488.o
LOAD src\Adis16488/HalSpi1.o
LOAD Libraries/CMSIS/Device/ST/STM32F4xx/Source/Templates/gcc_ride7/startup_stm32f4xx.o
LOAD Libraries/libstm32f4xx.a
LOAD ../../yagarto/bin/../arm-none-eabi/lib/thumb\libstdc++.a
LOAD ../../yagarto/bin/../arm-none-eabi/lib/thumb\libm.a
START GROUP
LOAD e:/mydocument/dropbox/futuregadgetresearch/sa/eclipse_stm32/yagarto/bin/../lib/gcc/arm-none-eabi/4.6.2/thumb/v7m\libgcc.a
LOAD ../../yagarto/bin/../arm-none-eabi/lib/thumb\libc.a
END GROUP
LOAD e:/mydocument/dropbox/futuregadgetresearch/sa/eclipse_stm32/yagarto/bin/../lib/gcc/arm-none-eabi/4.6.2/thumb/v7m/crtend.o
LOAD e:/mydocument/dropbox/futuregadgetresearch/sa/eclipse_stm32/yagarto/bin/../lib/gcc/arm-none-eabi/4.6.2/thumb/v7m/crtn.o
                0x20020000                _estack = 0x20020000
                0x00000000                _Min_Heap_Size = 0x0
                0x00000400                _Min_Stack_Size = 0x400

.isr_vector     0x08000000      0x188
                0x08000000                . = ALIGN (0x4)
 *(.isr_vector)
 .isr_vector    0x08000000      0x188 Libraries/CMSIS/Device/ST/STM32F4xx/Source/Templates/gcc_ride7/startup_stm32f4xx.o
                0x08000000                g_pfnVectors
                0x08000188                . = ALIGN (0x4)

.text           0x08000188     0xce44
                0x08000188                . = ALIGN (0x4)
 *(.text)
 .text          0x08000188       0x54 e:/mydocument/dropbox/futuregadgetresearch/sa/eclipse_stm32/yagarto/bin/../lib/gcc/arm-none-eabi/4.6.2/thumb/v7m/crtbegin.o
 .text          0x080001dc        0xc ../../yagarto/bin/../arm-none-eabi/lib/thumb\libc.a(lib_a-errno.o)
                0x080001dc                __errno
 .text          0x080001e8       0x30 ../../yagarto/bin/../arm-none-eabi/lib/thumb\libc.a(lib_a-malloc.o)
                0x080001e8                malloc
                0x08000200                free
 .text          0x08000218      0x514 ../../yagarto/bin/../arm-none-eabi/lib/thumb\libc.a(lib_a-mallocr.o)
                0x08000218                _malloc_r
 .text          0x0800072c       0x64 ../../yagarto/bin/../arm-none-eabi/lib/thumb\libc.a(lib_a-memcmp.o)
                0x0800072c                memcmp
 .text          0x08000790       0x80 ../../yagarto/bin/../arm-none-eabi/lib/thumb\libc.a(lib_a-memcpy.o)
                0x08000790                memcpy
 .text          0x08000810       0x98 ../../yagarto/bin/../arm-none-eabi/lib/thumb\libc.a(lib_a-memset.o)
                0x08000810                memset
 .text          0x080008a8        0x8 ../../yagarto/bin/../arm-none-eabi/lib/thumb\libc.a(lib_a-mlock.o)
                0x080008a8                __malloc_lock
                0x080008ac                __malloc_unlock
 .text          0x080008b0       0x40 ../../yagarto/bin/../arm-none-eabi/lib/thumb\libc.a(lib_a-printf.o)
                0x080008b0                _printf_r
                0x080008cc                printf
 .text          0x080008f0       0x28 ../../yagarto/bin/../arm-none-eabi/lib/thumb\libc.a(lib_a-sbrkr.o)
                0x080008f0                _sbrk_r
 .text          0x08000918       0x84 ../../yagarto/bin/../arm-none-eabi/lib/thumb\libc.a(lib_a-sprintf.o)
                0x08000918                _sprintf_r
                0x08000958                sprintf
 .text          0x0800099c       0x10 ../../yagarto/bin/../arm-none-eabi/lib/thumb\libc.a(lib_a-strlen.o)
                0x0800099c                strlen
 .text          0x080009ac       0xc0 ../../yagarto/bin/../arm-none-eabi/lib/thumb\libc.a(lib_a-strncmp.o)
                0x080009ac                strncmp
 *fill*         0x08000a6c        0x4 00
 .text          0x08000a70     0x1228 ../../yagarto/bin/../arm-none-eabi/lib/thumb\libc.a(lib_a-svfprintf.o)
                0x08000a70                _svfprintf_r
 .text          0x08001c98     0x14a8 ../../yagarto/bin/../arm-none-eabi/lib/thumb\libc.a(lib_a-vfprintf.o)
                0x08001c98                _vfprintf_r
                0x08003120                vfprintf
 .text          0x08003140       0xbc ../../yagarto/bin/../arm-none-eabi/lib/thumb\libc.a(lib_a-wsetup.o)
                0x08003140                __swsetup_r
 *fill*         0x080031fc        0x4 00
 .text          0x08003200     0x1010 ../../yagarto/bin/../arm-none-eabi/lib/thumb\libc.a(lib_a-dtoa.o)
                0x0800335c                _dtoa_r
 .text          0x08004210      0x18c ../../yagarto/bin/../arm-none-eabi/lib/thumb\libc.a(lib_a-fflush.o)
                0x08004210                _fflush_r
                0x0800436c                fflush
 .text          0x0800439c      0x1ec ../../yagarto/bin/../arm-none-eabi/lib/thumb\libc.a(lib_a-findfp.o)
                0x080043a4                _cleanup_r
                0x08004404                __sfmoreglue
                0x08004434                _cleanup
                0x08004448                __sinit
                0x0800449c                __sfp
                0x08004540                __sfp_lock_acquire
                0x08004544                __sfp_lock_release
                0x08004548                __sinit_lock_acquire
                0x0800454c                __sinit_lock_release
                0x08004550                __fp_lock_all
                0x0800456c                __fp_unlock_all
 .text          0x08004588      0x248 ../../yagarto/bin/../arm-none-eabi/lib/thumb\libc.a(lib_a-freer.o)
                0x08004588                _malloc_trim_r
                0x08004634                _free_r
 .text          0x080047d0       0xc4 ../../yagarto/bin/../arm-none-eabi/lib/thumb\libc.a(lib_a-fwalk.o)
                0x080047d0                _fwalk
                0x0800482c                _fwalk_reent
 .text          0x08004894       0xa4 ../../yagarto/bin/../arm-none-eabi/lib/thumb\libc.a(lib_a-locale.o)
                0x08004894                _setlocale_r
                0x080048e0                __locale_charset
                0x080048e8                __locale_mb_cur_max
                0x080048f4                __locale_msgcharset
                0x08004900                __locale_cjk_lang
                0x08004904                _localeconv_r
                0x08004910                setlocale
                0x0800492c                localeconv
 .text          0x08004938       0xe4 ../../yagarto/bin/../arm-none-eabi/lib/thumb\libc.a(lib_a-makebuf.o)
                0x08004938                __smakebuf_r
 .text          0x08004a1c       0x94 ../../yagarto/bin/../arm-none-eabi/lib/thumb\libc.a(lib_a-memchr.o)
                0x08004a1c                memchr
 .text          0x08004ab0      0x988 ../../yagarto/bin/../arm-none-eabi/lib/thumb\libc.a(lib_a-mprec.o)
                0x08004ab0                _Balloc
                0x08004b04                _Bfree
                0x08004b1c                __multadd
                0x08004bb0                __s2b
                0x08004c44                __hi0bits
                0x08004c7c                __lo0bits
                0x08004cdc                __i2b
                0x08004cf4                __multiply
                0x08004e64                __pow5mult
                0x08004f14                __lshift
                0x08004fe4                __mcmp
                0x08005020                __mdiff
                0x0800510c                __ulp
                0x08005154                __b2d
                0x08005210                __d2b
                0x080052e0                __ratio
                0x0800534c                _mprec_log10
                0x0800538c                __copybits
                0x080053d4                __any_on
 .text          0x08005438       0x90 ../../yagarto/bin/../arm-none-eabi/lib/thumb\libc.a(lib_a-s_fpclassify.o)
                0x08005438                __fpclassifyd
 .text          0x080054c8       0xac ../../yagarto/bin/../arm-none-eabi/lib/thumb\libc.a(lib_a-stdio.o)
                0x080054c8                __sread
                0x080054f4                __seofread
                0x080054f8                __swrite
                0x08005534                __sseek
                0x08005564                __sclose
 .text          0x08005574       0x14 ../../yagarto/bin/../arm-none-eabi/lib/thumb\libc.a(lib_a-strcmp.o)
                0x08005574                strcmp
 .text          0x08005588      0xa64 ../../yagarto/bin/../arm-none-eabi/lib/thumb\libc.a(lib_a-svfiprintf.o)
                0x08005588                __ssprint_r
                0x080056b8                _svfiprintf_r
 .text          0x08005fec      0xadc ../../yagarto/bin/../arm-none-eabi/lib/thumb\libc.a(lib_a-vfiprintf.o)
                0x08005fec                __sprint_r
                0x08006070                _vfiprintf_r
                0x08006aa8                vfiprintf
 .text          0x08006ac8       0x64 ../../yagarto/bin/../arm-none-eabi/lib/thumb\libc.a(lib_a-callocr.o)
                0x08006ac8                _calloc_r
 .text          0x08006b2c       0xc0 ../../yagarto/bin/../arm-none-eabi/lib/thumb\libc.a(lib_a-fclose.o)
                0x08006b2c                _fclose_r
                0x08006bd0                fclose
 .text          0x08006bec      0x108 ../../yagarto/bin/../arm-none-eabi/lib/thumb\libc.a(lib_a-fputwc.o)
                0x08006bec                _fputwc_r
                0x08006cc8                fputwc
 .text          0x08006cf4      0x324 ../../yagarto/bin/../arm-none-eabi/lib/thumb\libc.a(lib_a-fvwrite.o)
                0x08006cf4                __sfvwrite_r
 .text          0x08007018       0xa8 ../../yagarto/bin/../arm-none-eabi/lib/thumb\libc.a(lib_a-memmove.o)
                0x08007018                memmove
 .text          0x080070c0      0x3c4 ../../yagarto/bin/../arm-none-eabi/lib/thumb\libc.a(lib_a-reallocr.o)
                0x080070c0                _realloc_r
 .text          0x08007484       0xe4 ../../yagarto/bin/../arm-none-eabi/lib/thumb\libc.a(lib_a-wbuf.o)
                0x08007484                __swbuf_r
                0x0800754c                __swbuf
 .text          0x08007568       0xcc ../../yagarto/bin/../arm-none-eabi/lib/thumb\libc.a(lib_a-wcrtomb.o)
                0x08007568                _wcrtomb_r
                0x080075c4                wcrtomb
 .text          0x08007634       0x5c ../../yagarto/bin/../arm-none-eabi/lib/thumb\libc.a(lib_a-wctomb_r.o)
                0x08007634                __ascii_wctomb
                0x08007654                _wctomb_r
 .text          0x08007690      0x278 e:/mydocument/dropbox/futuregadgetresearch/sa/eclipse_stm32/yagarto/bin/../lib/gcc/arm-none-eabi/4.6.2/thumb/v7m\libgcc.a(_udivsi3.o)
                0x08007690                __aeabi_uidiv
                0x08007690                __udivsi3
                0x080078ec                __aeabi_uidivmod
 .text          0x08007908      0x2b0 e:/mydocument/dropbox/futuregadgetresearch/sa/eclipse_stm32/yagarto/bin/../lib/gcc/arm-none-eabi/4.6.2/thumb/v7m\libgcc.a(_divsi3.o)
                0x08007908                __divsi3
                0x08007908                __aeabi_idiv
                0x08007b9c                __aeabi_idivmod
 .text          0x08007bb8        0x4 e:/mydocument/dropbox/futuregadgetresearch/sa/eclipse_stm32/yagarto/bin/../lib/gcc/arm-none-eabi/4.6.2/thumb/v7m\libgcc.a(_dvmd_tls.o)
                0x08007bb8                __aeabi_idiv0
                0x08007bb8                __aeabi_ldiv0
 .text          0x08007bbc      0x370 e:/mydocument/dropbox/futuregadgetresearch/sa/eclipse_stm32/yagarto/bin/../lib/gcc/arm-none-eabi/4.6.2/thumb/v7m\libgcc.a(_arm_addsubdf3.o)
                0x08007bbc                __aeabi_drsub
                0x08007bc4                __aeabi_dsub
                0x08007bc4                __subdf3
                0x08007bc8                __aeabi_dadd
                0x08007bc8                __adddf3
                0x08007e40                __floatunsidf
                0x08007e40                __aeabi_ui2d
                0x08007e60                __floatsidf
                0x08007e60                __aeabi_i2d
                0x08007e84                __aeabi_f2d
                0x08007e84                __extendsfdf2
                0x08007ec0                __floatundidf
                0x08007ec0                __aeabi_ul2d
                0x08007ed0                __floatdidf
                0x08007ed0                __aeabi_l2d
 .text          0x08007f2c      0x424 e:/mydocument/dropbox/futuregadgetresearch/sa/eclipse_stm32/yagarto/bin/../lib/gcc/arm-none-eabi/4.6.2/thumb/v7m\libgcc.a(_arm_muldivdf3.o)
                0x08007f2c                __aeabi_dmul
                0x08007f2c                __muldf3
                0x08008180                __divdf3
                0x08008180                __aeabi_ddiv
 .text          0x08008350      0x110 e:/mydocument/dropbox/futuregadgetresearch/sa/eclipse_stm32/yagarto/bin/../lib/gcc/arm-none-eabi/4.6.2/thumb/v7m\libgcc.a(_arm_cmpdf2.o)
                0x08008350                __gtdf2
                0x08008350                __gedf2
                0x08008358                __ltdf2
                0x08008358                __ledf2
                0x08008360                __nedf2
                0x08008360                __eqdf2
                0x08008360                __cmpdf2
                0x080083dc                __aeabi_cdrcmple
                0x080083ec                __aeabi_cdcmpeq
                0x080083ec                __aeabi_cdcmple
                0x080083fc                __aeabi_dcmpeq
                0x08008410                __aeabi_dcmplt
                0x08008424                __aeabi_dcmple
                0x08008438                __aeabi_dcmpge
                0x0800844c                __aeabi_dcmpgt
 .text          0x08008460       0x50 e:/mydocument/dropbox/futuregadgetresearch/sa/eclipse_stm32/yagarto/bin/../lib/gcc/arm-none-eabi/4.6.2/thumb/v7m\libgcc.a(_arm_fixdfsi.o)
                0x08008460                __aeabi_d2iz
                0x08008460                __fixdfsi
 *(.text*)
 .text.NMI_Handler
                0x080084b0       0x24 src/stm32f4xx_it.o
                0x080084b0                NMI_Handler
 .text.HardFault_Handler
                0x080084d4        0x4 src/stm32f4xx_it.o
                0x080084d4                HardFault_Handler
 .text.MemManage_Handler
                0x080084d8        0x4 src/stm32f4xx_it.o
                0x080084d8                MemManage_Handler
 .text.BusFault_Handler
                0x080084dc        0x4 src/stm32f4xx_it.o
                0x080084dc                BusFault_Handler
 .text.UsageFault_Handler
                0x080084e0        0x4 src/stm32f4xx_it.o
                0x080084e0                UsageFault_Handler
 .text.SVC_Handler
                0x080084e4        0x4 src/stm32f4xx_it.o
                0x080084e4                SVC_Handler
 .text.DebugMon_Handler
                0x080084e8        0x4 src/stm32f4xx_it.o
                0x080084e8                DebugMon_Handler
 .text.PendSV_Handler
                0x080084ec        0x4 src/stm32f4xx_it.o
                0x080084ec                PendSV_Handler
 .text.SysTick_Handler
                0x080084f0        0x4 src/stm32f4xx_it.o
                0x080084f0                SysTick_Handler
 .text.RCC_IRQHandler
                0x080084f4       0x48 src/stm32f4xx_it.o
                0x080084f4                RCC_IRQHandler
 .text.WWDG_IRQHandler
                0x0800853c        0x4 src/stm32f4xx_it.o
                0x0800853c                WWDG_IRQHandler
 .text.PVD_IRQHandler
                0x08008540        0x4 src/stm32f4xx_it.o
                0x08008540                PVD_IRQHandler
 .text.TAMP_STAMP_IRQHandler
                0x08008544        0x4 src/stm32f4xx_it.o
                0x08008544                TAMP_STAMP_IRQHandler
 .text.RTC_WKUP_IRQHandler
                0x08008548        0x4 src/stm32f4xx_it.o
                0x08008548                RTC_WKUP_IRQHandler
 .text.FLASH_IRQHandler
                0x0800854c        0x4 src/stm32f4xx_it.o
                0x0800854c                FLASH_IRQHandler
 .text.EXTI0_IRQHandler
                0x08008550       0x20 src/stm32f4xx_it.o
                0x08008550                EXTI0_IRQHandler
 .text.EXTI1_IRQHandler
                0x08008570        0x4 src/stm32f4xx_it.o
                0x08008570                EXTI1_IRQHandler
 .text.EXTI2_IRQHandler
                0x08008574        0x4 src/stm32f4xx_it.o
                0x08008574                EXTI2_IRQHandler
 .text.EXTI3_IRQHandler
                0x08008578        0x4 src/stm32f4xx_it.o
                0x08008578                EXTI3_IRQHandler
 .text.EXTI4_IRQHandler
                0x0800857c        0x4 src/stm32f4xx_it.o
                0x0800857c                EXTI4_IRQHandler
 .text.DMA1_Stream0_IRQHandler
                0x08008580        0x4 src/stm32f4xx_it.o
                0x08008580                DMA1_Stream0_IRQHandler
 .text.DMA1_Stream1_IRQHandler
                0x08008584        0x4 src/stm32f4xx_it.o
                0x08008584                DMA1_Stream1_IRQHandler
 .text.DMA1_Stream2_IRQHandler
                0x08008588        0x4 src/stm32f4xx_it.o
                0x08008588                DMA1_Stream2_IRQHandler
 .text.DMA1_Stream3_IRQHandler
                0x0800858c        0x4 src/stm32f4xx_it.o
                0x0800858c                DMA1_Stream3_IRQHandler
 .text.DMA1_Stream4_IRQHandler
                0x08008590        0x4 src/stm32f4xx_it.o
                0x08008590                DMA1_Stream4_IRQHandler
 .text.DMA1_Stream5_IRQHandler
                0x08008594        0x4 src/stm32f4xx_it.o
                0x08008594                DMA1_Stream5_IRQHandler
 .text.DMA1_Stream6_IRQHandler
                0x08008598        0x4 src/stm32f4xx_it.o
                0x08008598                DMA1_Stream6_IRQHandler
 .text.DMA1_Stream7_IRQHandler
                0x0800859c        0x4 src/stm32f4xx_it.o
                0x0800859c                DMA1_Stream7_IRQHandler
 .text.ADC_IRQHandler
                0x080085a0        0x4 src/stm32f4xx_it.o
                0x080085a0                ADC_IRQHandler
 .text.CAN1_TX_IRQHandler
                0x080085a4        0x4 src/stm32f4xx_it.o
                0x080085a4                CAN1_TX_IRQHandler
 .text.CAN1_RX0_IRQHandler
                0x080085a8        0x4 src/stm32f4xx_it.o
                0x080085a8                CAN1_RX0_IRQHandler
 .text.CAN1_RX1_IRQHandler
                0x080085ac        0x4 src/stm32f4xx_it.o
                0x080085ac                CAN1_RX1_IRQHandler
 .text.CAN1_SCE_IRQHandler
                0x080085b0        0x4 src/stm32f4xx_it.o
                0x080085b0                CAN1_SCE_IRQHandler
 .text.EXTI9_5_IRQHandler
                0x080085b4        0x4 src/stm32f4xx_it.o
                0x080085b4                EXTI9_5_IRQHandler
 .text.TIM1_BRK_TIM9_IRQHandler
                0x080085b8        0x4 src/stm32f4xx_it.o
                0x080085b8                TIM1_BRK_TIM9_IRQHandler
 .text.TIM1_UP_TIM10_IRQHandler
                0x080085bc        0x4 src/stm32f4xx_it.o
                0x080085bc                TIM1_UP_TIM10_IRQHandler
 .text.TIM1_TRG_COM_TIM11_IRQHandler
                0x080085c0        0x4 src/stm32f4xx_it.o
                0x080085c0                TIM1_TRG_COM_TIM11_IRQHandler
 .text.TIM1_CC_IRQHandler
                0x080085c4        0x4 src/stm32f4xx_it.o
                0x080085c4                TIM1_CC_IRQHandler
 .text.TIM2_IRQHandler
                0x080085c8        0x4 src/stm32f4xx_it.o
                0x080085c8                TIM2_IRQHandler
 .text.TIM3_IRQHandler
                0x080085cc        0x4 src/stm32f4xx_it.o
                0x080085cc                TIM3_IRQHandler
 .text.TIM4_IRQHandler
                0x080085d0        0x4 src/stm32f4xx_it.o
                0x080085d0                TIM4_IRQHandler
 .text.I2C1_EV_IRQHandler
                0x080085d4        0x4 src/stm32f4xx_it.o
                0x080085d4                I2C1_EV_IRQHandler
 .text.I2C1_ER_IRQHandler
                0x080085d8        0x4 src/stm32f4xx_it.o
                0x080085d8                I2C1_ER_IRQHandler
 .text.I2C2_EV_IRQHandler
                0x080085dc        0x4 src/stm32f4xx_it.o
                0x080085dc                I2C2_EV_IRQHandler
 .text.I2C2_ER_IRQHandler
                0x080085e0        0x4 src/stm32f4xx_it.o
                0x080085e0                I2C2_ER_IRQHandler
 .text.SPI1_IRQHandler
                0x080085e4        0x4 src/stm32f4xx_it.o
                0x080085e4                SPI1_IRQHandler
 .text.SPI2_IRQHandler
                0x080085e8        0x4 src/stm32f4xx_it.o
                0x080085e8                SPI2_IRQHandler
 .text.USART1_IRQHandler
                0x080085ec        0x4 src/stm32f4xx_it.o
                0x080085ec                USART1_IRQHandler
 .text.USART2_IRQHandler
                0x080085f0        0x4 src/stm32f4xx_it.o
                0x080085f0                USART2_IRQHandler
 .text.USART3_IRQHandler
                0x080085f4        0x4 src/stm32f4xx_it.o
                0x080085f4                USART3_IRQHandler
 .text.EXTI15_10_IRQHandler
                0x080085f8       0x84 src/stm32f4xx_it.o
                0x080085f8                EXTI15_10_IRQHandler
 .text.RTC_Alarm_IRQHandler
                0x0800867c        0x4 src/stm32f4xx_it.o
                0x0800867c                RTC_Alarm_IRQHandler
 .text.OTG_FS_WKUP_IRQHandler
                0x08008680        0x4 src/stm32f4xx_it.o
                0x08008680                OTG_FS_WKUP_IRQHandler
 .text.TIM8_BRK_TIM12_IRQHandler
                0x08008684        0x4 src/stm32f4xx_it.o
                0x08008684                TIM8_BRK_TIM12_IRQHandler
 .text.TIM8_UP_TIM13_IRQHandler
                0x08008688        0x4 src/stm32f4xx_it.o
                0x08008688                TIM8_UP_TIM13_IRQHandler
 .text.TIM8_TRG_COM_TIM14_IRQHandler
                0x0800868c        0x4 src/stm32f4xx_it.o
                0x0800868c                TIM8_TRG_COM_TIM14_IRQHandler
 .text.TIM8_CC_IRQHandler
                0x08008690        0x4 src/stm32f4xx_it.o
                0x08008690                TIM8_CC_IRQHandler
 .text.FSMC_IRQHandler
                0x08008694        0x4 src/stm32f4xx_it.o
                0x08008694                FSMC_IRQHandler
 .text.SDIO_IRQHandler
                0x08008698        0x4 src/stm32f4xx_it.o
                0x08008698                SDIO_IRQHandler
 .text.TIM5_IRQHandler
                0x0800869c        0x4 src/stm32f4xx_it.o
                0x0800869c                TIM5_IRQHandler
 .text.SPI3_IRQHandler
                0x080086a0        0x4 src/stm32f4xx_it.o
                0x080086a0                SPI3_IRQHandler
 .text.UART4_IRQHandler
                0x080086a4        0x4 src/stm32f4xx_it.o
                0x080086a4                UART4_IRQHandler
 .text.UART5_IRQHandler
                0x080086a8        0x4 src/stm32f4xx_it.o
                0x080086a8                UART5_IRQHandler
 .text.TIM6_DAC_IRQHandler
                0x080086ac        0x4 src/stm32f4xx_it.o
                0x080086ac                TIM6_DAC_IRQHandler
 .text.TIM7_IRQHandler
                0x080086b0        0x4 src/stm32f4xx_it.o
                0x080086b0                TIM7_IRQHandler
 .text.DMA2_Stream0_IRQHandler
                0x080086b4        0x4 src/stm32f4xx_it.o
                0x080086b4                DMA2_Stream0_IRQHandler
 .text.DMA2_Stream1_IRQHandler
                0x080086b8        0x4 src/stm32f4xx_it.o
                0x080086b8                DMA2_Stream1_IRQHandler
 .text.DMA2_Stream2_IRQHandler
                0x080086bc        0x4 src/stm32f4xx_it.o
                0x080086bc                DMA2_Stream2_IRQHandler
 .text.DMA2_Stream3_IRQHandler
                0x080086c0        0x4 src/stm32f4xx_it.o
                0x080086c0                DMA2_Stream3_IRQHandler
 .text.DMA2_Stream4_IRQHandler
                0x080086c4        0x4 src/stm32f4xx_it.o
                0x080086c4                DMA2_Stream4_IRQHandler
 .text.ETH_IRQHandler
                0x080086c8        0x4 src/stm32f4xx_it.o
                0x080086c8                ETH_IRQHandler
 .text.ETH_WKUP_IRQHandler
                0x080086cc        0x4 src/stm32f4xx_it.o
                0x080086cc                ETH_WKUP_IRQHandler
 .text.CAN2_TX_IRQHandler
                0x080086d0        0x4 src/stm32f4xx_it.o
                0x080086d0                CAN2_TX_IRQHandler
 .text.CAN2_RX0_IRQHandler
                0x080086d4        0x4 src/stm32f4xx_it.o
                0x080086d4                CAN2_RX0_IRQHandler
 .text.CAN2_RX1_IRQHandler
                0x080086d8        0x4 src/stm32f4xx_it.o
                0x080086d8                CAN2_RX1_IRQHandler
 .text.CAN2_SCE_IRQHandler
                0x080086dc        0x4 src/stm32f4xx_it.o
                0x080086dc                CAN2_SCE_IRQHandler
 .text.OTG_FS_IRQHandler
                0x080086e0        0x4 src/stm32f4xx_it.o
                0x080086e0                OTG_FS_IRQHandler
 .text.DMA2_Stream5_IRQHandler
                0x080086e4        0x4 src/stm32f4xx_it.o
                0x080086e4                DMA2_Stream5_IRQHandler
 .text.DMA2_Stream6_IRQHandler
                0x080086e8        0x4 src/stm32f4xx_it.o
                0x080086e8                DMA2_Stream6_IRQHandler
 .text.DMA2_Stream7_IRQHandler
                0x080086ec        0x4 src/stm32f4xx_it.o
                0x080086ec                DMA2_Stream7_IRQHandler
 .text.USART6_IRQHandler
                0x080086f0        0x4 src/stm32f4xx_it.o
                0x080086f0                USART6_IRQHandler
 .text.I2C3_EV_IRQHandler
                0x080086f4        0x4 src/stm32f4xx_it.o
                0x080086f4                I2C3_EV_IRQHandler
 .text.I2C3_ER_IRQHandler
                0x080086f8        0x4 src/stm32f4xx_it.o
                0x080086f8                I2C3_ER_IRQHandler
 .text.OTG_HS_EP1_OUT_IRQHandler
                0x080086fc        0x4 src/stm32f4xx_it.o
                0x080086fc                OTG_HS_EP1_OUT_IRQHandler
 .text.OTG_HS_EP1_IN_IRQHandler
                0x08008700        0x4 src/stm32f4xx_it.o
                0x08008700                OTG_HS_EP1_IN_IRQHandler
 .text.OTG_HS_WKUP_IRQHandler
                0x08008704        0x4 src/stm32f4xx_it.o
                0x08008704                OTG_HS_WKUP_IRQHandler
 .text.OTG_HS_IRQHandler
                0x08008708        0x4 src/stm32f4xx_it.o
                0x08008708                OTG_HS_IRQHandler
 .text.DCMI_IRQHandler
                0x0800870c        0x4 src/stm32f4xx_it.o
                0x0800870c                DCMI_IRQHandler
 .text.CRYP_IRQHandler
                0x08008710        0x4 src/stm32f4xx_it.o
                0x08008710                CRYP_IRQHandler
 .text.HASH_RNG_IRQHandler
                0x08008714        0x4 src/stm32f4xx_it.o
                0x08008714                HASH_RNG_IRQHandler
 .text.FPU_IRQHandler
                0x08008718        0x4 src/stm32f4xx_it.o
                0x08008718                FPU_IRQHandler
 .text._read_r  0x0800871c       0x10 src/syscalls.o
                0x0800871c                _read_r
 .text._lseek_r
                0x0800872c        0x4 src/syscalls.o
                0x0800872c                _lseek_r
 .text._write_r
                0x08008730       0x2c src/syscalls.o
                0x08008730                _write_r
 .text._close_r
                0x0800875c        0x4 src/syscalls.o
                0x0800875c                _close_r
 .text._fstat_r
                0x08008760       0x18 src/syscalls.o
                0x08008760                _fstat_r
 .text._isatty_r
                0x08008778        0x4 src/syscalls.o
                0x08008778                _isatty_r
 .text.SystemInit
                0x0800877c      0x128 src/system_stm32f4xx.o
                0x0800877c                SystemInit
 .text._Z8initUartP13USART_TypeDef
                0x080088a4      0x1bc src\Stdout/HalUsart.o
                0x080088a4                initUart(USART_TypeDef*)
 .text._Z9prvTxTaskPv
                0x08008a60       0xac src\Stdout/HalUsart.o
                0x08008a60                prvTxTask(void*)
 .text._Z5uputcP13USART_TypeDefc
                0x08008b0c       0x30 src\Stdout/HalUsart.o
                0x08008b0c                uputc(USART_TypeDef*, char)
 .text._Z9prvRxTaskPv
                0x08008b3c       0x78 src\Stdout/HalUsart.o
                0x08008b3c                prvRxTask(void*)
 .text._Z8initI2c2v
                0x08008bb4      0x258 src\Mpu-9250/HalI2c2.o
                0x08008bb4                initI2c2()
 .text._Z9i2c2WriteccPci
                0x08008e0c       0x98 src\Mpu-9250/HalI2c2.o
                0x08008e0c                i2c2Write(char, char, char*, int)
 .text._Z10i2c2Write1ccc
                0x08008ea4       0x18 src\Mpu-9250/HalI2c2.o
                0x08008ea4                i2c2Write1(char, char, char)
 .text._Z8i2c2ReadccPci
                0x08008ebc      0x11c src\Mpu-9250/HalI2c2.o
                0x08008ebc                i2c2Read(char, char, char*, int)
 .text._Z15prvI2C2SendTaskPv
                0x08008fd8      0x164 src\Mpu-9250/HalI2c2.o
                0x08008fd8                prvI2C2SendTask(void*)
 .text._Z19myI2C2_EV_IRQ_Writev
                0x0800913c       0xc4 src\Mpu-9250/HalI2c2.o
                0x0800913c                myI2C2_EV_IRQ_Write()
 .text._Z19myI2C2_EV_IRQ_ReadNv
                0x08009200       0xd4 src\Mpu-9250/HalI2c2.o
                0x08009200                myI2C2_EV_IRQ_ReadN()
 .text._Z19myI2C2_EV_IRQ_Read1v
                0x080092d4       0xf8 src\Mpu-9250/HalI2c2.o
                0x080092d4                myI2C2_EV_IRQ_Read1()
 .text._Z20myI2C2_EV_IRQHandlerv
                0x080093cc       0x7c src\Mpu-9250/HalI2c2.o
                0x080093cc                myI2C2_EV_IRQHandler()
 .text._Z20myI2C2_ER_IRQHandlerv
                0x08009448      0x1bc src\Mpu-9250/HalI2c2.o
                0x08009448                myI2C2_ER_IRQHandler()
 .text._Z25myDMA1_Stream2_IRQHandlerv
                0x08009604       0x5c src\Mpu-9250/HalI2c2.o
                0x08009604                myDMA1_Stream2_IRQHandler()
 .text._Z25myDMA1_Stream7_IRQHandlerv
                0x08009660       0x34 src\Mpu-9250/HalI2c2.o
                0x08009660                myDMA1_Stream7_IRQHandler()
 .text._Z7initTimv
                0x08009694       0xa8 src\Servo/HalTim.o
                0x08009694                initTim()
 .text._Z8initSpi2v
                0x0800973c      0x2f8 src\AD7176-2/HalSpi2.o
                0x0800973c                initSpi2()
 .text._Z13spi2ReadWritePcS_i
                0x08009a34      0x164 src\AD7176-2/HalSpi2.o
                0x08009a34                spi2ReadWrite(char*, char*, int)
 .text._Z13prvAd7176TaskPv
                0x08009b98       0x50 src\AD7176-2/HalSpi2.o
                0x08009b98                prvAd7176Task(void*)
 .text._Z19myEXTI14_IRQHandlerv
                0x08009be8        0xc src\AD7176-2/HalSpi2.o
                0x08009be8                myEXTI14_IRQHandler()
 .text._Z25myDMA1_Stream3_IRQHandlerv
                0x08009bf4       0x50 src\AD7176-2/HalSpi2.o
                0x08009bf4                myDMA1_Stream3_IRQHandler()
 .text._Z8prvTaskBPv
                0x08009c44       0x30 src/main.o
                0x08009c44                prvTaskB(void*)
 .text._Z8prvTaskAPv
                0x08009c74       0x30 src/main.o
                0x08009c74                prvTaskA(void*)
 .text._Z20vApplicationIdleHookv
                0x08009ca4       0x10 src/main.o
                0x08009ca4                vApplicationIdleHook()
 .text._Z28vApplicationMallocFailedHookv
                0x08009cb4        0x4 src/main.o
                0x08009cb4                vApplicationMallocFailedHook()
 .text._Z29vApplicationStackOverflowHookPvPa
                0x08009cb8       0x28 src/main.o
                0x08009cb8                vApplicationStackOverflowHook(void*, signed char*)
 .text._Z20vApplicationTickHookv
                0x08009ce0        0x4 src/main.o
                0x08009ce0                vApplicationTickHook()
 .text._Z18GPIO_Configurationv
                0x08009ce4       0x38 src/main.o
                0x08009ce4                GPIO_Configuration()
 .text.startup.main
                0x08009d1c      0x114 src/main.o
                0x08009d1c                main
 .text._sbrk    0x08009e30       0x20 src/tweak.o
                0x08009e30                _sbrk
 .text._Z19handleSerialCommandPc
                0x08009e50       0x40 src\Stdout/SerialCommand.o
                0x08009e50                handleSerialCommand(char*)
 .text._Z8initSpi1v
                0x08009e90      0x2c4 src\Adis16488/HalSpi1.o
                0x08009e90                initSpi1()
 .text._Z16prvAdis16488TaskPv
                0x0800a154       0x90 src\Adis16488/HalSpi1.o
                0x0800a154                prvAdis16488Task(void*)
 .text.Reset_Handler
                0x0800a1e4       0x44 Libraries/CMSIS/Device/ST/STM32F4xx/Source/Templates/gcc_ride7/startup_stm32f4xx.o
                0x0800a1e4                Reset_Handler
 .text.NVIC_Init
                0x0800a228       0x84 Libraries/libstm32f4xx.a(misc.o)
                0x0800a228                NVIC_Init
 .text.DMA_Init
                0x0800a2ac       0x94 Libraries/libstm32f4xx.a(stm32f4xx_dma.o)
                0x0800a2ac                DMA_Init
 .text.DMA_StructInit
                0x0800a340       0x24 Libraries/libstm32f4xx.a(stm32f4xx_dma.o)
                0x0800a340                DMA_StructInit
 .text.DMA_Cmd  0x0800a364       0x14 Libraries/libstm32f4xx.a(stm32f4xx_dma.o)
                0x0800a364                DMA_Cmd
 .text.DMA_SetCurrDataCounter
                0x0800a378        0x4 Libraries/libstm32f4xx.a(stm32f4xx_dma.o)
                0x0800a378                DMA_SetCurrDataCounter
 .text.DMA_GetCmdStatus
                0x0800a37c        0x8 Libraries/libstm32f4xx.a(stm32f4xx_dma.o)
                0x0800a37c                DMA_GetCmdStatus
 .text.DMA_ClearFlag
                0x0800a384       0x44 Libraries/libstm32f4xx.a(stm32f4xx_dma.o)
                0x0800a384                DMA_ClearFlag
 .text.DMA_ITConfig
                0x0800a3c8       0x30 Libraries/libstm32f4xx.a(stm32f4xx_dma.o)
                0x0800a3c8                DMA_ITConfig
 .text.DMA_GetITStatus
                0x0800a3f8       0x68 Libraries/libstm32f4xx.a(stm32f4xx_dma.o)
                0x0800a3f8                DMA_GetITStatus
 .text.DMA_ClearITPendingBit
                0x0800a460       0x44 Libraries/libstm32f4xx.a(stm32f4xx_dma.o)
                0x0800a460                DMA_ClearITPendingBit
 .text.EXTI_Init
                0x0800a4a4       0x7c Libraries/libstm32f4xx.a(stm32f4xx_exti.o)
                0x0800a4a4                EXTI_Init
 .text.EXTI_StructInit
                0x0800a520       0x10 Libraries/libstm32f4xx.a(stm32f4xx_exti.o)
                0x0800a520                EXTI_StructInit
 .text.EXTI_GetITStatus
                0x0800a530       0x20 Libraries/libstm32f4xx.a(stm32f4xx_exti.o)
                0x0800a530                EXTI_GetITStatus
 .text.EXTI_ClearITPendingBit
                0x0800a550        0xc Libraries/libstm32f4xx.a(stm32f4xx_exti.o)
                0x0800a550                EXTI_ClearITPendingBit
 .text.GPIO_Init
                0x0800a55c       0xbc Libraries/libstm32f4xx.a(stm32f4xx_gpio.o)
                0x0800a55c                GPIO_Init
 .text.GPIO_StructInit
                0x0800a618       0x14 Libraries/libstm32f4xx.a(stm32f4xx_gpio.o)
                0x0800a618                GPIO_StructInit
 .text.GPIO_WriteBit
                0x0800a62c        0xc Libraries/libstm32f4xx.a(stm32f4xx_gpio.o)
                0x0800a62c                GPIO_WriteBit
 .text.GPIO_Write
                0x0800a638        0x4 Libraries/libstm32f4xx.a(stm32f4xx_gpio.o)
                0x0800a638                GPIO_Write
 .text.GPIO_PinAFConfig
                0x0800a63c       0x30 Libraries/libstm32f4xx.a(stm32f4xx_gpio.o)
                0x0800a63c                GPIO_PinAFConfig
 .text.I2C_Init
                0x0800a66c       0xe4 Libraries/libstm32f4xx.a(stm32f4xx_i2c.o)
                0x0800a66c                I2C_Init
 .text.I2C_StructInit
                0x0800a750       0x1c Libraries/libstm32f4xx.a(stm32f4xx_i2c.o)
                0x0800a750                I2C_StructInit
 .text.I2C_Cmd  0x0800a76c       0x1c Libraries/libstm32f4xx.a(stm32f4xx_i2c.o)
                0x0800a76c                I2C_Cmd
 .text.I2C_GenerateSTART
                0x0800a788       0x1c Libraries/libstm32f4xx.a(stm32f4xx_i2c.o)
                0x0800a788                I2C_GenerateSTART
 .text.I2C_GenerateSTOP
                0x0800a7a4       0x1c Libraries/libstm32f4xx.a(stm32f4xx_i2c.o)
                0x0800a7a4                I2C_GenerateSTOP
 .text.I2C_Send7bitAddress
                0x0800a7c0       0x14 Libraries/libstm32f4xx.a(stm32f4xx_i2c.o)
                0x0800a7c0                I2C_Send7bitAddress
 .text.I2C_AcknowledgeConfig
                0x0800a7d4       0x1c Libraries/libstm32f4xx.a(stm32f4xx_i2c.o)
                0x0800a7d4                I2C_AcknowledgeConfig
 .text.I2C_DMACmd
                0x0800a7f0       0x1c Libraries/libstm32f4xx.a(stm32f4xx_i2c.o)
                0x0800a7f0                I2C_DMACmd
 .text.I2C_DMALastTransferCmd
                0x0800a80c       0x1c Libraries/libstm32f4xx.a(stm32f4xx_i2c.o)
                0x0800a80c                I2C_DMALastTransferCmd
 .text.I2C_ReadRegister
                0x0800a828       0x18 Libraries/libstm32f4xx.a(stm32f4xx_i2c.o)
                0x0800a828                I2C_ReadRegister
 .text.I2C_ITConfig
                0x0800a840       0x14 Libraries/libstm32f4xx.a(stm32f4xx_i2c.o)
                0x0800a840                I2C_ITConfig
 .text.I2C_GetITStatus
                0x0800a854       0x1c Libraries/libstm32f4xx.a(stm32f4xx_i2c.o)
                0x0800a854                I2C_GetITStatus
 .text.I2C_ClearITPendingBit
                0x0800a870        0x8 Libraries/libstm32f4xx.a(stm32f4xx_i2c.o)
                0x0800a870                I2C_ClearITPendingBit
 .text.RCC_HSEConfig
                0x0800a878       0x10 Libraries/libstm32f4xx.a(stm32f4xx_rcc.o)
                0x0800a878                RCC_HSEConfig
 .text.RCC_PLLCmd
                0x0800a888        0xc Libraries/libstm32f4xx.a(stm32f4xx_rcc.o)
                0x0800a888                RCC_PLLCmd
 .text.RCC_SYSCLKConfig
                0x0800a894       0x14 Libraries/libstm32f4xx.a(stm32f4xx_rcc.o)
                0x0800a894                RCC_SYSCLKConfig
 .text.RCC_GetClocksFreq
                0x0800a8a8       0xac Libraries/libstm32f4xx.a(stm32f4xx_rcc.o)
                0x0800a8a8                RCC_GetClocksFreq
 .text.RCC_AHB1PeriphClockCmd
                0x0800a954       0x1c Libraries/libstm32f4xx.a(stm32f4xx_rcc.o)
                0x0800a954                RCC_AHB1PeriphClockCmd
 .text.RCC_APB1PeriphClockCmd
                0x0800a970       0x1c Libraries/libstm32f4xx.a(stm32f4xx_rcc.o)
                0x0800a970                RCC_APB1PeriphClockCmd
 .text.RCC_APB2PeriphClockCmd
                0x0800a98c       0x1c Libraries/libstm32f4xx.a(stm32f4xx_rcc.o)
                0x0800a98c                RCC_APB2PeriphClockCmd
 .text.RCC_ITConfig
                0x0800a9a8       0x1c Libraries/libstm32f4xx.a(stm32f4xx_rcc.o)
                0x0800a9a8                RCC_ITConfig
 .text.RCC_GetFlagStatus
                0x0800a9c4       0x3c Libraries/libstm32f4xx.a(stm32f4xx_rcc.o)
                0x0800a9c4                RCC_GetFlagStatus
 .text.RCC_GetITStatus
                0x0800aa00       0x14 Libraries/libstm32f4xx.a(stm32f4xx_rcc.o)
                0x0800aa00                RCC_GetITStatus
 .text.RCC_ClearITPendingBit
                0x0800aa14        0xc Libraries/libstm32f4xx.a(stm32f4xx_rcc.o)
                0x0800aa14                RCC_ClearITPendingBit
 .text.SPI_Init
                0x0800aa20       0x54 Libraries/libstm32f4xx.a(stm32f4xx_spi.o)
                0x0800aa20                SPI_Init
 .text.SPI_Cmd  0x0800aa74       0x1c Libraries/libstm32f4xx.a(stm32f4xx_spi.o)
                0x0800aa74                SPI_Cmd
 .text.SPI_NSSInternalSoftwareConfig
                0x0800aa90       0x20 Libraries/libstm32f4xx.a(stm32f4xx_spi.o)
                0x0800aa90                SPI_NSSInternalSoftwareConfig
 .text.SPI_SSOutputCmd
                0x0800aab0       0x1c Libraries/libstm32f4xx.a(stm32f4xx_spi.o)
                0x0800aab0                SPI_SSOutputCmd
 .text.SPI_I2S_DMACmd
                0x0800aacc       0x14 Libraries/libstm32f4xx.a(stm32f4xx_spi.o)
                0x0800aacc                SPI_I2S_DMACmd
 .text.SYSCFG_EXTILineConfig
                0x0800aae0       0x38 Libraries/libstm32f4xx.a(stm32f4xx_syscfg.o)
                0x0800aae0                SYSCFG_EXTILineConfig
 .text.TIM_TimeBaseInit
                0x0800ab18       0xcc Libraries/libstm32f4xx.a(stm32f4xx_tim.o)
                0x0800ab18                TIM_TimeBaseInit
 .text.TIM_TimeBaseStructInit
                0x0800abe4       0x14 Libraries/libstm32f4xx.a(stm32f4xx_tim.o)
                0x0800abe4                TIM_TimeBaseStructInit
 .text.TIM_Cmd  0x0800abf8       0x1c Libraries/libstm32f4xx.a(stm32f4xx_tim.o)
                0x0800abf8                TIM_Cmd
 .text.TIM_OC2Init
                0x0800ac14       0xa8 Libraries/libstm32f4xx.a(stm32f4xx_tim.o)
                0x0800ac14                TIM_OC2Init
 .text.TIM_OCStructInit
                0x0800acbc       0x14 Libraries/libstm32f4xx.a(stm32f4xx_tim.o)
                0x0800acbc                TIM_OCStructInit
 .text.USART_Init
                0x0800acd0       0xf0 Libraries/libstm32f4xx.a(stm32f4xx_usart.o)
                0x0800acd0                USART_Init
 .text.USART_StructInit
                0x0800adc0       0x18 Libraries/libstm32f4xx.a(stm32f4xx_usart.o)
                0x0800adc0                USART_StructInit
 .text.USART_Cmd
                0x0800add8       0x1c Libraries/libstm32f4xx.a(stm32f4xx_usart.o)
                0x0800add8                USART_Cmd
 .text.USART_DMACmd
                0x0800adf4       0x14 Libraries/libstm32f4xx.a(stm32f4xx_usart.o)
                0x0800adf4                USART_DMACmd
 .text.USART_ClearFlag
                0x0800ae08        0x8 Libraries/libstm32f4xx.a(stm32f4xx_usart.o)
                0x0800ae08                USART_ClearFlag
 .text._ZL14prvUnlockQueueP15QueueDefinition
                0x0800ae10       0x98 Libraries/libstm32f4xx.a(queue.o)
 .text._ZL20prvCopyDataFromQueueP15QueueDefinitionPv
                0x0800aea8       0x28 Libraries/libstm32f4xx.a(queue.o)
 .text._ZL18prvCopyDataToQueueP15QueueDefinitionPKvl
                0x0800aed0       0x78 Libraries/libstm32f4xx.a(queue.o)
 .text.xQueueGenericReset
                0x0800af48       0x74 Libraries/libstm32f4xx.a(queue.o)
                0x0800af48                xQueueGenericReset
 .text.xQueueGenericCreate
                0x0800afbc       0x44 Libraries/libstm32f4xx.a(queue.o)
                0x0800afbc                xQueueGenericCreate
 .text.xQueueGenericSend
                0x0800b000      0x11c Libraries/libstm32f4xx.a(queue.o)
                0x0800b000                xQueueGenericSend
 .text.xQueueGenericSendFromISR
                0x0800b11c       0xb4 Libraries/libstm32f4xx.a(queue.o)
                0x0800b11c                xQueueGenericSendFromISR
 .text.xQueueGenericReceive
                0x0800b1d0      0x15c Libraries/libstm32f4xx.a(queue.o)
                0x0800b1d0                xQueueGenericReceive
 .text.uxQueueMessagesWaiting
                0x0800b32c       0x1c Libraries/libstm32f4xx.a(queue.o)
                0x0800b32c                uxQueueMessagesWaiting
 .text.vQueueWaitForMessageRestricted
                0x0800b348       0x40 Libraries/libstm32f4xx.a(queue.o)
                0x0800b348                vQueueWaitForMessageRestricted
 .text._ZL27prvListTaskWithinSingleListP12xTASK_STATUSP5xLIST10eTaskState.part.0
                0x0800b388       0x88 Libraries/libstm32f4xx.a(tasks.o)
 .text._ZL30prvAddCurrentTaskToDelayedListm
                0x0800b410       0x50 Libraries/libstm32f4xx.a(tasks.o)
 .text.xTaskGenericCreate
                0x0800b460      0x1e4 Libraries/libstm32f4xx.a(tasks.o)
                0x0800b460                xTaskGenericCreate
 .text.vTaskStartScheduler
                0x0800b644       0x5c Libraries/libstm32f4xx.a(tasks.o)
                0x0800b644                vTaskStartScheduler
 .text.vTaskSuspendAll
                0x0800b6a0       0x10 Libraries/libstm32f4xx.a(tasks.o)
                0x0800b6a0                vTaskSuspendAll
 .text.xTaskGetTickCount
                0x0800b6b0       0x18 Libraries/libstm32f4xx.a(tasks.o)
                0x0800b6b0                xTaskGetTickCount
 .text.xTaskIncrementTick
                0x0800b6c8      0x15c Libraries/libstm32f4xx.a(tasks.o)
                0x0800b6c8                xTaskIncrementTick
 .text.xTaskResumeAll
                0x0800b824       0xe0 Libraries/libstm32f4xx.a(tasks.o)
                0x0800b824                xTaskResumeAll
 .text.uxTaskGetSystemState
                0x0800b904       0xf0 Libraries/libstm32f4xx.a(tasks.o)
                0x0800b904                uxTaskGetSystemState
 .text._ZL11prvIdleTaskPv
                0x0800b9f4       0x8c Libraries/libstm32f4xx.a(tasks.o)
 .text.vTaskDelay
                0x0800ba80       0x44 Libraries/libstm32f4xx.a(tasks.o)
                0x0800ba80                vTaskDelay
 .text.vTaskDelayUntil
                0x0800bac4       0x90 Libraries/libstm32f4xx.a(tasks.o)
                0x0800bac4                vTaskDelayUntil
 .text.vTaskSwitchContext
                0x0800bb54       0xb8 Libraries/libstm32f4xx.a(tasks.o)
                0x0800bb54                vTaskSwitchContext
 .text.vTaskPlaceOnEventList
                0x0800bc0c       0x4c Libraries/libstm32f4xx.a(tasks.o)
                0x0800bc0c                vTaskPlaceOnEventList
 .text.vTaskPlaceOnEventListRestricted
                0x0800bc58       0x34 Libraries/libstm32f4xx.a(tasks.o)
                0x0800bc58                vTaskPlaceOnEventListRestricted
 .text.xTaskRemoveFromEventList
                0x0800bc8c       0x88 Libraries/libstm32f4xx.a(tasks.o)
                0x0800bc8c                xTaskRemoveFromEventList
 .text.vTaskSetTimeOutState
                0x0800bd14       0x20 Libraries/libstm32f4xx.a(tasks.o)
                0x0800bd14                vTaskSetTimeOutState
 .text.xTaskCheckForTimeOut
                0x0800bd34       0x70 Libraries/libstm32f4xx.a(tasks.o)
                0x0800bd34                xTaskCheckForTimeOut
 .text.vTaskMissedYield
                0x0800bda4       0x10 Libraries/libstm32f4xx.a(tasks.o)
                0x0800bda4                vTaskMissedYield
 .text.xTaskGetCurrentTaskHandle
                0x0800bdb4        0xc Libraries/libstm32f4xx.a(tasks.o)
                0x0800bdb4                xTaskGetCurrentTaskHandle
 .text.xTaskGetSchedulerState
                0x0800bdc0       0x1c Libraries/libstm32f4xx.a(tasks.o)
                0x0800bdc0                xTaskGetSchedulerState
 .text.vTaskPriorityInherit
                0x0800bddc       0x6c Libraries/libstm32f4xx.a(tasks.o)
                0x0800bddc                vTaskPriorityInherit
 .text.vTaskPriorityDisinherit
                0x0800be48       0x48 Libraries/libstm32f4xx.a(tasks.o)
                0x0800be48                vTaskPriorityDisinherit
 .text.vTaskList
                0x0800be90       0xb0 Libraries/libstm32f4xx.a(tasks.o)
                0x0800be90                vTaskList
 .text._ZL28prvCheckForValidListAndQueuev
                0x0800bf40       0x50 Libraries/libstm32f4xx.a(timers.o)
 .text._ZL26prvInsertTimerInActiveListP15tmrTimerControlmmm
                0x0800bf90       0x58 Libraries/libstm32f4xx.a(timers.o)
 .text.xTimerCreateTimerTask
                0x0800bfe8       0x40 Libraries/libstm32f4xx.a(timers.o)
                0x0800bfe8                xTimerCreateTimerTask
 .text.xTimerGenericCommand
                0x0800c028       0x4c Libraries/libstm32f4xx.a(timers.o)
                0x0800c028                xTimerGenericCommand
 .text._ZL19prvSwitchTimerListsm.isra.1
                0x0800c074       0x84 Libraries/libstm32f4xx.a(timers.o)
 .text._ZL12prvTimerTaskPv
                0x0800c0f8      0x174 Libraries/libstm32f4xx.a(timers.o)
 .text._ZL21prvPortStartFirstTaskv
                0x0800c26c       0x14 Libraries/libstm32f4xx.a(port.o)
 .text._ZL14vPortEnableVFPv
                0x0800c280       0x14 Libraries/libstm32f4xx.a(port.o)
 .text.pxPortInitialiseStack
                0x0800c294       0x2c Libraries/libstm32f4xx.a(port.o)
                0x0800c294                pxPortInitialiseStack
 .text._Z15vPortSVCHandlerv
                0x0800c2c0       0x1c Libraries/libstm32f4xx.a(port.o)
                0x0800c2c0                vPortSVCHandler()
 .text.vPortYield
                0x0800c2dc       0x18 Libraries/libstm32f4xx.a(port.o)
                0x0800c2dc                vPortYield
 .text.ulPortSetInterruptMask
                0x0800c2f4       0x10 Libraries/libstm32f4xx.a(port.o)
                0x0800c2f4                ulPortSetInterruptMask
 .text.vPortEnterCritical
                0x0800c304       0x20 Libraries/libstm32f4xx.a(port.o)
                0x0800c304                vPortEnterCritical
 .text._ZL16prvTaskExitErrorv
                0x0800c324       0x1c Libraries/libstm32f4xx.a(port.o)
 .text.vPortClearInterruptMask
                0x0800c340        0x8 Libraries/libstm32f4xx.a(port.o)
                0x0800c340                vPortClearInterruptMask
 .text.vPortExitCritical
                0x0800c348       0x14 Libraries/libstm32f4xx.a(port.o)
                0x0800c348                vPortExitCritical
 .text._Z18xPortPendSVHandlerv
                0x0800c35c       0x50 Libraries/libstm32f4xx.a(port.o)
                0x0800c35c                xPortPendSVHandler()
 .text._Z19xPortSysTickHandlerv
                0x0800c3ac       0x24 Libraries/libstm32f4xx.a(port.o)
                0x0800c3ac                xPortSysTickHandler()
 .text._Z24vPortSetupTimerInterruptv
                0x0800c3d0       0x34 Libraries/libstm32f4xx.a(port.o)
                0x0800c3d0                vPortSetupTimerInterrupt()
 .text.xPortStartScheduler
                0x0800c404       0xb4 Libraries/libstm32f4xx.a(port.o)
                0x0800c404                xPortStartScheduler
 .text.vPortValidateInterruptPriority
                0x0800c4b8       0x48 Libraries/libstm32f4xx.a(port.o)
                0x0800c4b8                vPortValidateInterruptPriority
 .text.vListInitialise
                0x0800c500       0x18 Libraries/libstm32f4xx.a(list.o)
                0x0800c500                vListInitialise
 .text.vListInitialiseItem
                0x0800c518        0x8 Libraries/libstm32f4xx.a(list.o)
                0x0800c518                vListInitialiseItem
 .text.vListInsertEnd
                0x0800c520       0x1c Libraries/libstm32f4xx.a(list.o)
                0x0800c520                vListInsertEnd
 .text.vListInsert
                0x0800c53c       0x34 Libraries/libstm32f4xx.a(list.o)
                0x0800c53c                vListInsert
 .text.uxListRemove
                0x0800c570       0x28 Libraries/libstm32f4xx.a(list.o)
                0x0800c570                uxListRemove
 .text.pvPortMalloc
                0x0800c598       0xd0 Libraries/libstm32f4xx.a(heap_2.o)
                0x0800c598                pvPortMalloc
 .text.vPortFree
                0x0800c668       0x40 Libraries/libstm32f4xx.a(heap_2.o)
                0x0800c668                vPortFree
 *(.rodata)
 .rodata        0x0800c6a8        0x4 ../../yagarto/bin/../arm-none-eabi/lib/thumb\libc.a(lib_a-impure.o)
                0x0800c6a8                _global_impure_ptr
 .rodata        0x0800c6ac      0x184 ../../yagarto/bin/../arm-none-eabi/lib/thumb\libc.a(lib_a-svfprintf.o)
 .rodata        0x0800c830      0x184 ../../yagarto/bin/../arm-none-eabi/lib/thumb\libc.a(lib_a-vfprintf.o)
 *fill*         0x0800c9b4        0x4 00
 .rodata        0x0800c9b8      0x128 ../../yagarto/bin/../arm-none-eabi/lib/thumb\libc.a(lib_a-mprec.o)
                0x0800c9c8                __mprec_tens
                0x0800ca90                __mprec_tinytens
                0x0800cab8                __mprec_bigtens
 .rodata        0x0800cae0      0x184 ../../yagarto/bin/../arm-none-eabi/lib/thumb\libc.a(lib_a-svfiprintf.o)
 .rodata        0x0800cc64      0x184 ../../yagarto/bin/../arm-none-eabi/lib/thumb\libc.a(lib_a-vfiprintf.o)
 *(.rodata*)
 .rodata.str1.4
                0x0800cde8        0x7 src/stm32f4xx_it.o
                                  0x8 (size before relaxing)
 *fill*         0x0800cdef        0x1 00
 .rodata.str1.4
                0x0800cdf0       0x73 src\Mpu-9250/HalI2c2.o
                                 0x78 (size before relaxing)
 *fill*         0x0800ce63        0x1 00
 .rodata.str1.4
                0x0800ce64       0x11 src\AD7176-2/HalSpi2.o
                                 0x14 (size before relaxing)
 *fill*         0x0800ce75        0x3 00
 .rodata.str1.4
                0x0800ce78       0x4f src/main.o
                                 0x50 (size before relaxing)
 *fill*         0x0800cec7        0x1 00
 .rodata.str1.4
                0x0800cec8       0x49 src\Stdout/SerialCommand.o
                                 0x4c (size before relaxing)
 *fill*         0x0800cf11        0x3 00
 .rodata._ZZ18vTaskSwitchContextE20ucExpectedStackBytes
                0x0800cf14       0x14 Libraries/libstm32f4xx.a(tasks.o)
 .rodata.CSWTCH.228
                0x0800cf28        0x4 Libraries/libstm32f4xx.a(tasks.o)
 .rodata.str1.4
                0x0800cf2c       0x1a Libraries/libstm32f4xx.a(tasks.o)
                                 0x1c (size before relaxing)
 *fill*         0x0800cf46        0x2 00
 .rodata.str1.4
                0x0800cf48        0x8 Libraries/libstm32f4xx.a(timers.o)
 .rodata.str1.4
                0x0800cf50        0x2 ../../yagarto/bin/../arm-none-eabi/lib/thumb\libc.a(lib_a-impure.o)
                                  0x4 (size before relaxing)
 *fill*         0x0800cf52        0x2 00
 .rodata.str1.4
                0x0800cf54       0x42 ../../yagarto/bin/../arm-none-eabi/lib/thumb\libc.a(lib_a-svfprintf.o)
                                 0x44 (size before relaxing)
 .rodata.str1.4
                0x00000000       0x44 ../../yagarto/bin/../arm-none-eabi/lib/thumb\libc.a(lib_a-vfprintf.o)
 *fill*         0x0800cf96        0x2 00
 .rodata.str1.4
                0x0800cf98       0x10 ../../yagarto/bin/../arm-none-eabi/lib/thumb\libc.a(lib_a-dtoa.o)
                                 0x14 (size before relaxing)
 .rodata.str1.4
                0x0800cfa8        0xc ../../yagarto/bin/../arm-none-eabi/lib/thumb\libc.a(lib_a-locale.o)
                                 0x14 (size before relaxing)
 .rodata.str1.4
                0x00000000       0x30 ../../yagarto/bin/../arm-none-eabi/lib/thumb\libc.a(lib_a-svfiprintf.o)
 .rodata.str1.4
                0x00000000       0x30 ../../yagarto/bin/../arm-none-eabi/lib/thumb\libc.a(lib_a-vfiprintf.o)
 *(.glue_7)
 .glue_7        0x00000000        0x0 linker stubs
 *(.glue_7t)
 .glue_7t       0x00000000        0x0 linker stubs
 *(.eh_frame)
 .eh_frame      0x0800cfb4        0x0 e:/mydocument/dropbox/futuregadgetresearch/sa/eclipse_stm32/yagarto/bin/../lib/gcc/arm-none-eabi/4.6.2/thumb/v7m/crtbegin.o
 *(.init)
 .init          0x0800cfb4        0x4 e:/mydocument/dropbox/futuregadgetresearch/sa/eclipse_stm32/yagarto/bin/../lib/gcc/arm-none-eabi/4.6.2/thumb/v7m/crti.o
                0x0800cfb4                _init
 .init          0x0800cfb8        0x8 e:/mydocument/dropbox/futuregadgetresearch/sa/eclipse_stm32/yagarto/bin/../lib/gcc/arm-none-eabi/4.6.2/thumb/v7m/crtn.o
 *(.fini)
 .fini          0x0800cfc0        0x4 e:/mydocument/dropbox/futuregadgetresearch/sa/eclipse_stm32/yagarto/bin/../lib/gcc/arm-none-eabi/4.6.2/thumb/v7m/crti.o
                0x0800cfc0                _fini
 .fini          0x0800cfc4        0x8 e:/mydocument/dropbox/futuregadgetresearch/sa/eclipse_stm32/yagarto/bin/../lib/gcc/arm-none-eabi/4.6.2/thumb/v7m/crtn.o
                0x0800cfcc                . = ALIGN (0x4)
                0x0800cfcc                _etext = .

.vfp11_veneer   0x0800cfcc        0x0
 .vfp11_veneer  0x00000000        0x0 linker stubs

.v4_bx          0x0800cfcc        0x0
 .v4_bx         0x00000000        0x0 linker stubs

.ARM.extab
 *(.ARM.extab* .gnu.linkonce.armextab.*)

.ARM            0x0800cfcc        0x0
                0x0800cfcc                __exidx_start = .
 *(.ARM.exidx*)
                0x0800cfcc                __exidx_end = .

.preinit_array  0x0800cfcc        0x0
                0x0800cfcc                PROVIDE (__preinit_array_start, .)
 *(.preinit_array*)
                0x0800cfcc                PROVIDE (__preinit_array_end, .)

.init_array     0x0800cfcc        0x4
                0x0800cfcc                PROVIDE (__init_array_start, .)
 *(SORT(.init_array.*))
 *(.init_array*)
 .init_array    0x0800cfcc        0x4 e:/mydocument/dropbox/futuregadgetresearch/sa/eclipse_stm32/yagarto/bin/../lib/gcc/arm-none-eabi/4.6.2/thumb/v7m/crtbegin.o
                0x0800cfd0                PROVIDE (__init_array_end, .)

.fini_array     0x0800cfd0        0x4
                0x0800cfd0                PROVIDE (__fini_array_start, .)
 *(.fini_array*)
 .fini_array    0x0800cfd0        0x4 e:/mydocument/dropbox/futuregadgetresearch/sa/eclipse_stm32/yagarto/bin/../lib/gcc/arm-none-eabi/4.6.2/thumb/v7m/crtbegin.o
 *(SORT(.fini_array.*))
                0x0800cfd4                PROVIDE (__fini_array_end, .)
                0x0800cfd4                _sidata = .

.data           0x20000000      0x8e0 load address 0x0800cfd4
                0x20000000                . = ALIGN (0x4)
                0x20000000                _sdata = .
 *(.data)
 .data          0x20000000      0x430 ../../yagarto/bin/../arm-none-eabi/lib/thumb\libc.a(lib_a-impure.o)
                0x20000000                _impure_ptr
 .data          0x20000430      0x410 ../../yagarto/bin/../arm-none-eabi/lib/thumb\libc.a(lib_a-mallocr.o)
                0x20000430                __malloc_av_
                0x20000838                __malloc_sbrk_base
                0x2000083c                __malloc_trim_threshold
 .data          0x20000840       0x7c ../../yagarto/bin/../arm-none-eabi/lib/thumb\libc.a(lib_a-locale.o)
                0x20000860                __mb_cur_max
 .data          0x200008bc        0x4 ../../yagarto/bin/../arm-none-eabi/lib/thumb\libc.a(lib_a-wctomb_r.o)
                0x200008bc                __wctomb
 *(.data*)
 .data.SystemCoreClock
                0x200008c0        0x4 src/system_stm32f4xx.o
                0x200008c0                SystemCoreClock
 .data._ZL16APBAHBPrescTable
                0x200008c4       0x10 Libraries/libstm32f4xx.a(stm32f4xx_rcc.o)
 .data._ZL20xNextTaskUnblockTime
                0x200008d4        0x4 Libraries/libstm32f4xx.a(tasks.o)
 .data._ZL17uxCriticalNesting
                0x200008d8        0x4 Libraries/libstm32f4xx.a(port.o)
 .data._ZL19xFreeBytesRemaining
                0x200008dc        0x4 Libraries/libstm32f4xx.a(heap_2.o)
                0x200008e0                . = ALIGN (0x4)
                0x200008e0                _edata = .

.jcr            0x200008e0        0x0 load address 0x0800d8b4
 .jcr           0x200008e0        0x0 e:/mydocument/dropbox/futuregadgetresearch/sa/eclipse_stm32/yagarto/bin/../lib/gcc/arm-none-eabi/4.6.2/thumb/v7m/crtbegin.o
                0x200008e0                . = ALIGN (0x4)

.bss            0x200008e0    0x131e8 load address 0x0800d8b4
                0x200008e0                _sbss = .
                0x200008e0                __bss_start__ = _sbss
 *(.bss)
 .bss           0x200008e0       0x1c e:/mydocument/dropbox/futuregadgetresearch/sa/eclipse_stm32/yagarto/bin/../lib/gcc/arm-none-eabi/4.6.2/thumb/v7m/crtbegin.o
 .bss           0x200008fc       0x34 ../../yagarto/bin/../arm-none-eabi/lib/thumb\libc.a(lib_a-mallocr.o)
                0x200008fc                __malloc_top_pad
                0x20000900                __malloc_current_mallinfo
                0x20000928                __malloc_max_sbrked_mem
                0x2000092c                __malloc_max_total_mem
 *(.bss*)
 .bss.usart2RxBuf
                0x20000930        0x4 src\Stdout/HalUsart.o
                0x20000930                usart2RxBuf
 .bss.usart2Que
                0x20000934        0x4 src\Stdout/HalUsart.o
                0x20000934                usart2Que
 .bss.usart2TxBuf
                0x20000938        0x4 src\Stdout/HalUsart.o
                0x20000938                usart2TxBuf
 .bss._i2cAddress
                0x2000093c        0x4 src\Mpu-9250/HalI2c2.o
                0x2000093c                _i2cAddress
 .bss.i2c2RxBuf
                0x20000940        0x4 src\Mpu-9250/HalI2c2.o
                0x20000940                i2c2RxBuf
 .bss._state    0x20000944        0x4 src\Mpu-9250/HalI2c2.o
                0x20000944                _state
 .bss.i2c2Sem   0x20000948        0x4 src\Mpu-9250/HalI2c2.o
                0x20000948                i2c2Sem
 .bss._rw       0x2000094c        0x4 src\Mpu-9250/HalI2c2.o
                0x2000094c                _rw
 .bss.i2c2TxBuf
                0x20000950        0x4 src\Mpu-9250/HalI2c2.o
                0x20000950                i2c2TxBuf
 .bss.dataReadySem
                0x20000954        0x4 src\AD7176-2/HalSpi2.o
                0x20000954                dataReadySem
 .bss.spi2RxBuf
                0x20000958        0x4 src\AD7176-2/HalSpi2.o
                0x20000958                spi2RxBuf
 .bss.rwSem     0x2000095c        0x4 src\AD7176-2/HalSpi2.o
                0x2000095c                rwSem
 .bss.spi2TxBuf
                0x20000960        0x4 src\AD7176-2/HalSpi2.o
                0x20000960                spi2TxBuf
 .bss._ZZ20vApplicationIdleHookvE10idle_count
                0x20000964        0x4 src/main.o
 .bss._ZZ5_sbrkE4heap
                0x20000968        0x4 src/tweak.o
 .bss.buf       0x2000096c      0x400 src\Stdout/SerialCommand.o
                0x2000096c                buf
 .bss.spi1TxBuf
                0x20000d6c        0x4 src\Adis16488/HalSpi1.o
                0x20000d6c                spi1TxBuf
 .bss.spi1RxBuf
                0x20000d70        0x4 src\Adis16488/HalSpi1.o
                0x20000d70                spi1RxBuf
 .bss._ZL24xTasksWaitingTermination
                0x20000d74       0x14 Libraries/libstm32f4xx.a(tasks.o)
 .bss._ZL17pxReadyTasksLists
                0x20000d88       0x64 Libraries/libstm32f4xx.a(tasks.o)
 .bss._ZL13uxPendedTicks
                0x20000dec        0x4 Libraries/libstm32f4xx.a(tasks.o)
 .bss._ZL17xPendingReadyList
                0x20000df0       0x14 Libraries/libstm32f4xx.a(tasks.o)
 .bss._ZL18xSuspendedTaskList
                0x20000e04       0x14 Libraries/libstm32f4xx.a(tasks.o)
 .bss._ZL22uxCurrentNumberOfTasks
                0x20000e18        0x4 Libraries/libstm32f4xx.a(tasks.o)
 .bss._ZL25pxOverflowDelayedTaskList
                0x20000e1c        0x4 Libraries/libstm32f4xx.a(tasks.o)
 .bss._ZL17xDelayedTaskList1
                0x20000e20       0x14 Libraries/libstm32f4xx.a(tasks.o)
 .bss._ZL17xDelayedTaskList2
                0x20000e34       0x14 Libraries/libstm32f4xx.a(tasks.o)
 .bss._ZL10xTickCount
                0x20000e48        0x4 Libraries/libstm32f4xx.a(tasks.o)
 .bss.pxCurrentTCB
                0x20000e4c        0x4 Libraries/libstm32f4xx.a(tasks.o)
                0x20000e4c                pxCurrentTCB
 .bss._ZL17xSchedulerRunning
                0x20000e50        0x4 Libraries/libstm32f4xx.a(tasks.o)
 .bss._ZL17pxDelayedTaskList
                0x20000e54        0x4 Libraries/libstm32f4xx.a(tasks.o)
 .bss._ZL12uxTaskNumber
                0x20000e58        0x4 Libraries/libstm32f4xx.a(tasks.o)
 .bss._ZL14uxTasksDeleted
                0x20000e5c        0x4 Libraries/libstm32f4xx.a(tasks.o)
 .bss._ZL13xYieldPending
                0x20000e60        0x4 Libraries/libstm32f4xx.a(tasks.o)
 .bss._ZL20uxSchedulerSuspended
                0x20000e64        0x4 Libraries/libstm32f4xx.a(tasks.o)
 .bss._ZL15xNumOfOverflows
                0x20000e68        0x4 Libraries/libstm32f4xx.a(tasks.o)
 .bss._ZL18uxTopReadyPriority
                0x20000e6c        0x4 Libraries/libstm32f4xx.a(tasks.o)
 .bss._ZL11xTimerQueue
                0x20000e70        0x4 Libraries/libstm32f4xx.a(timers.o)
 .bss._ZL18pxCurrentTimerList
                0x20000e74        0x4 Libraries/libstm32f4xx.a(timers.o)
 .bss._ZZL16prvSampleTimeNowPlE9xLastTime
                0x20000e78        0x4 Libraries/libstm32f4xx.a(timers.o)
 .bss._ZL17xActiveTimerList1
                0x20000e7c       0x14 Libraries/libstm32f4xx.a(timers.o)
 .bss._ZL17xActiveTimerList2
                0x20000e90       0x14 Libraries/libstm32f4xx.a(timers.o)
 .bss._ZL19pxOverflowTimerList
                0x20000ea4        0x4 Libraries/libstm32f4xx.a(timers.o)
 .bss._ZL20ucMaxSysCallPriority
                0x20000ea8        0x1 Libraries/libstm32f4xx.a(port.o)
 *fill*         0x20000ea9        0x3 00
 .bss._ZL18ulMaxPRIGROUPValue
                0x20000eac        0x4 Libraries/libstm32f4xx.a(port.o)
 .bss._ZZ12pvPortMallocE23xHeapHasBeenInitialised
                0x20000eb0        0x4 Libraries/libstm32f4xx.a(heap_2.o)
 .bss._ZL6xStart
                0x20000eb4        0x8 Libraries/libstm32f4xx.a(heap_2.o)
 .bss._ZL4xEnd  0x20000ebc        0x8 Libraries/libstm32f4xx.a(heap_2.o)
 .bss._ZL6ucHeap
                0x20000ec4    0x12c00 Libraries/libstm32f4xx.a(heap_2.o)
 *(COMMON)
 COMMON         0x20013ac4        0x4 ../../yagarto/bin/../arm-none-eabi/lib/thumb\libc.a(lib_a-reent.o)
                0x20013ac4                errno
                0x20013ac8                . = ALIGN (0x4)
                0x20013ac8                _ebss = .
                0x20013ac8                __bss_end__ = _ebss

._user_heap_stack
                0x20013ac8      0x400 load address 0x08020a9c
                0x20013ac8                . = ALIGN (0x4)
                0x20013ac8                PROVIDE (end, .)
                0x20013ac8                PROVIDE (_end, .)
                0x20013ac8                . = (. + _Min_Heap_Size)
                0x20013ec8                . = (. + _Min_Stack_Size)
 *fill*         0x20013ac8      0x400 00
                0x20013ec8                . = ALIGN (0x4)

.memory_b1_text
 *(.mb1text)
 *(.mb1text*)
 *(.mb1rodata)
 *(.mb1rodata*)

/DISCARD/
 libc.a(*)
 libm.a(*)
 libgcc.a(*)

.ARM.attributes
                0x00000000       0x35
 *(.ARM.attributes)
 .ARM.attributes
                0x00000000       0x1d e:/mydocument/dropbox/futuregadgetresearch/sa/eclipse_stm32/yagarto/bin/../lib/gcc/arm-none-eabi/4.6.2/thumb/v7m/crti.o
 .ARM.attributes
                0x0000001d       0x2b e:/mydocument/dropbox/futuregadgetresearch/sa/eclipse_stm32/yagarto/bin/../lib/gcc/arm-none-eabi/4.6.2/thumb/v7m/crtbegin.o
 .ARM.attributes
                0x00000048       0x1b e:/mydocument/dropbox/futuregadgetresearch/sa/eclipse_stm32/yagarto/bin/../lib/gcc/arm-none-eabi/4.6.2/../../../../arm-none-eabi/lib/thumb/v7m/crt0.o
 .ARM.attributes
                0x00000063       0x37 src/stm32f4xx_it.o
 .ARM.attributes
                0x0000009a       0x37 src/syscalls.o
 .ARM.attributes
                0x000000d1       0x37 src/system_stm32f4xx.o
 .ARM.attributes
                0x00000108       0x37 src\Stdout/HalUsart.o
 .ARM.attributes
                0x0000013f       0x37 src\Mpu-9250/HalI2c2.o
 .ARM.attributes
                0x00000176       0x37 src\Servo/HalTim.o
 .ARM.attributes
                0x000001ad       0x37 src\AD7176-2/HalSpi2.o
 .ARM.attributes
                0x000001e4       0x37 src/main.o
 .ARM.attributes
                0x0000021b       0x37 src/tweak.o
 .ARM.attributes
                0x00000252       0x37 src\Stdout/SerialCommand.o
 .ARM.attributes
                0x00000289       0x37 src\Adis16488/Adis16488.o
 .ARM.attributes
                0x000002c0       0x37 src\Adis16488/HalSpi1.o
 .ARM.attributes
                0x000002f7       0x21 Libraries/CMSIS/Device/ST/STM32F4xx/Source/Templates/gcc_ride7/startup_stm32f4xx.o
 .ARM.attributes
                0x00000318       0x37 Libraries/libstm32f4xx.a(misc.o)
 .ARM.attributes
                0x0000034f       0x37 Libraries/libstm32f4xx.a(stm32f4xx_dma.o)
 .ARM.attributes
                0x00000386       0x37 Libraries/libstm32f4xx.a(stm32f4xx_exti.o)
 .ARM.attributes
                0x000003bd       0x37 Libraries/libstm32f4xx.a(stm32f4xx_gpio.o)
 .ARM.attributes
                0x000003f4       0x37 Libraries/libstm32f4xx.a(stm32f4xx_i2c.o)
 .ARM.attributes
                0x0000042b       0x37 Libraries/libstm32f4xx.a(stm32f4xx_rcc.o)
 .ARM.attributes
                0x00000462       0x37 Libraries/libstm32f4xx.a(stm32f4xx_spi.o)
 .ARM.attributes
                0x00000499       0x37 Libraries/libstm32f4xx.a(stm32f4xx_syscfg.o)
 .ARM.attributes
                0x000004d0       0x37 Libraries/libstm32f4xx.a(stm32f4xx_tim.o)
 .ARM.attributes
                0x00000507       0x37 Libraries/libstm32f4xx.a(stm32f4xx_usart.o)
 .ARM.attributes
                0x0000053e       0x37 Libraries/libstm32f4xx.a(queue.o)
 .ARM.attributes
                0x00000575       0x37 Libraries/libstm32f4xx.a(tasks.o)
 .ARM.attributes
                0x000005ac       0x37 Libraries/libstm32f4xx.a(timers.o)
 .ARM.attributes
                0x000005e3       0x37 Libraries/libstm32f4xx.a(port.o)
 .ARM.attributes
                0x0000061a       0x37 Libraries/libstm32f4xx.a(list.o)
 .ARM.attributes
                0x00000651       0x37 Libraries/libstm32f4xx.a(heap_2.o)
 .ARM.attributes
                0x00000688       0x32 ../../yagarto/bin/../arm-none-eabi/lib/thumb\libc.a(lib_a-atexit.o)
 .ARM.attributes
                0x000006ba       0x32 ../../yagarto/bin/../arm-none-eabi/lib/thumb\libc.a(lib_a-errno.o)
 .ARM.attributes
                0x000006ec       0x32 ../../yagarto/bin/../arm-none-eabi/lib/thumb\libc.a(lib_a-exit.o)
 .ARM.attributes
                0x0000071e       0x32 ../../yagarto/bin/../arm-none-eabi/lib/thumb\libc.a(lib_a-fini.o)
 .ARM.attributes
                0x00000750       0x32 ../../yagarto/bin/../arm-none-eabi/lib/thumb\libc.a(lib_a-impure.o)
 .ARM.attributes
                0x00000782       0x32 ../../yagarto/bin/../arm-none-eabi/lib/thumb\libc.a(lib_a-init.o)
 .ARM.attributes
                0x000007b4       0x32 ../../yagarto/bin/../arm-none-eabi/lib/thumb\libc.a(lib_a-malloc.o)
 .ARM.attributes
                0x000007e6       0x32 ../../yagarto/bin/../arm-none-eabi/lib/thumb\libc.a(lib_a-mallocr.o)
 .ARM.attributes
                0x00000818       0x32 ../../yagarto/bin/../arm-none-eabi/lib/thumb\libc.a(lib_a-memcmp.o)
 .ARM.attributes
                0x0000084a       0x32 ../../yagarto/bin/../arm-none-eabi/lib/thumb\libc.a(lib_a-memcpy.o)
 .ARM.attributes
                0x0000087c       0x32 ../../yagarto/bin/../arm-none-eabi/lib/thumb\libc.a(lib_a-memset.o)
 .ARM.attributes
                0x000008ae       0x32 ../../yagarto/bin/../arm-none-eabi/lib/thumb\libc.a(lib_a-mlock.o)
 .ARM.attributes
                0x000008e0       0x32 ../../yagarto/bin/../arm-none-eabi/lib/thumb\libc.a(lib_a-printf.o)
 .ARM.attributes
                0x00000912       0x32 ../../yagarto/bin/../arm-none-eabi/lib/thumb\libc.a(lib_a-sbrkr.o)
 .ARM.attributes
                0x00000944       0x32 ../../yagarto/bin/../arm-none-eabi/lib/thumb\libc.a(lib_a-sprintf.o)
 .ARM.attributes
                0x00000976       0x32 ../../yagarto/bin/../arm-none-eabi/lib/thumb\libc.a(lib_a-strlen.o)
 .ARM.attributes
                0x000009a8       0x32 ../../yagarto/bin/../arm-none-eabi/lib/thumb\libc.a(lib_a-strncmp.o)
 .ARM.attributes
                0x000009da       0x32 ../../yagarto/bin/../arm-none-eabi/lib/thumb\libc.a(lib_a-svfprintf.o)
 .ARM.attributes
                0x00000a0c       0x32 ../../yagarto/bin/../arm-none-eabi/lib/thumb\libc.a(lib_a-vfprintf.o)
 .ARM.attributes
                0x00000a3e       0x32 ../../yagarto/bin/../arm-none-eabi/lib/thumb\libc.a(lib_a-wsetup.o)
 .ARM.attributes
                0x00000a70       0x32 ../../yagarto/bin/../arm-none-eabi/lib/thumb\libc.a(lib_a-__atexit.o)
 .ARM.attributes
                0x00000aa2       0x32 ../../yagarto/bin/../arm-none-eabi/lib/thumb\libc.a(lib_a-__call_atexit.o)
 .ARM.attributes
                0x00000ad4       0x32 ../../yagarto/bin/../arm-none-eabi/lib/thumb\libc.a(lib_a-dtoa.o)
 .ARM.attributes
                0x00000b06       0x32 ../../yagarto/bin/../arm-none-eabi/lib/thumb\libc.a(lib_a-fflush.o)
 .ARM.attributes
                0x00000b38       0x32 ../../yagarto/bin/../arm-none-eabi/lib/thumb\libc.a(lib_a-findfp.o)
 .ARM.attributes
                0x00000b6a       0x32 ../../yagarto/bin/../arm-none-eabi/lib/thumb\libc.a(lib_a-freer.o)
 .ARM.attributes
                0x00000b9c       0x32 ../../yagarto/bin/../arm-none-eabi/lib/thumb\libc.a(lib_a-fwalk.o)
 .ARM.attributes
                0x00000bce       0x32 ../../yagarto/bin/../arm-none-eabi/lib/thumb\libc.a(lib_a-locale.o)
 .ARM.attributes
                0x00000c00       0x32 ../../yagarto/bin/../arm-none-eabi/lib/thumb\libc.a(lib_a-makebuf.o)
 .ARM.attributes
                0x00000c32       0x32 ../../yagarto/bin/../arm-none-eabi/lib/thumb\libc.a(lib_a-memchr.o)
 .ARM.attributes
                0x00000c64       0x32 ../../yagarto/bin/../arm-none-eabi/lib/thumb\libc.a(lib_a-mprec.o)
 .ARM.attributes
                0x00000c96       0x32 ../../yagarto/bin/../arm-none-eabi/lib/thumb\libc.a(lib_a-reent.o)
 .ARM.attributes
                0x00000cc8       0x32 ../../yagarto/bin/../arm-none-eabi/lib/thumb\libc.a(lib_a-s_fpclassify.o)
 .ARM.attributes
                0x00000cfa       0x32 ../../yagarto/bin/../arm-none-eabi/lib/thumb\libc.a(lib_a-stdio.o)
 .ARM.attributes
                0x00000d2c       0x32 ../../yagarto/bin/../arm-none-eabi/lib/thumb\libc.a(lib_a-strcmp.o)
 .ARM.attributes
                0x00000d5e       0x32 ../../yagarto/bin/../arm-none-eabi/lib/thumb\libc.a(lib_a-svfiprintf.o)
 .ARM.attributes
                0x00000d90       0x32 ../../yagarto/bin/../arm-none-eabi/lib/thumb\libc.a(lib_a-vfiprintf.o)
 .ARM.attributes
                0x00000dc2       0x32 ../../yagarto/bin/../arm-none-eabi/lib/thumb\libc.a(lib_a-callocr.o)
 .ARM.attributes
                0x00000df4       0x32 ../../yagarto/bin/../arm-none-eabi/lib/thumb\libc.a(lib_a-fclose.o)
 .ARM.attributes
                0x00000e26       0x32 ../../yagarto/bin/../arm-none-eabi/lib/thumb\libc.a(lib_a-fputwc.o)
 .ARM.attributes
                0x00000e58       0x32 ../../yagarto/bin/../arm-none-eabi/lib/thumb\libc.a(lib_a-fvwrite.o)
 .ARM.attributes
                0x00000e8a       0x32 ../../yagarto/bin/../arm-none-eabi/lib/thumb\libc.a(lib_a-memmove.o)
 .ARM.attributes
                0x00000ebc       0x32 ../../yagarto/bin/../arm-none-eabi/lib/thumb\libc.a(lib_a-reallocr.o)
 .ARM.attributes
                0x00000eee       0x32 ../../yagarto/bin/../arm-none-eabi/lib/thumb\libc.a(lib_a-wbuf.o)
 .ARM.attributes
                0x00000f20       0x32 ../../yagarto/bin/../arm-none-eabi/lib/thumb\libc.a(lib_a-wcrtomb.o)
 .ARM.attributes
                0x00000f52       0x32 ../../yagarto/bin/../arm-none-eabi/lib/thumb\libc.a(lib_a-wctomb_r.o)
 .ARM.attributes
                0x00000f84       0x1d e:/mydocument/dropbox/futuregadgetresearch/sa/eclipse_stm32/yagarto/bin/../lib/gcc/arm-none-eabi/4.6.2/thumb/v7m\libgcc.a(_udivsi3.o)
 .ARM.attributes
                0x00000fa1       0x1d e:/mydocument/dropbox/futuregadgetresearch/sa/eclipse_stm32/yagarto/bin/../lib/gcc/arm-none-eabi/4.6.2/thumb/v7m\libgcc.a(_divsi3.o)
 .ARM.attributes
                0x00000fbe       0x1d e:/mydocument/dropbox/futuregadgetresearch/sa/eclipse_stm32/yagarto/bin/../lib/gcc/arm-none-eabi/4.6.2/thumb/v7m\libgcc.a(_dvmd_tls.o)
 .ARM.attributes
                0x00000fdb       0x1d e:/mydocument/dropbox/futuregadgetresearch/sa/eclipse_stm32/yagarto/bin/../lib/gcc/arm-none-eabi/4.6.2/thumb/v7m\libgcc.a(_arm_addsubdf3.o)
 .ARM.attributes
                0x00000ff8       0x1d e:/mydocument/dropbox/futuregadgetresearch/sa/eclipse_stm32/yagarto/bin/../lib/gcc/arm-none-eabi/4.6.2/thumb/v7m\libgcc.a(_arm_muldivdf3.o)
 .ARM.attributes
                0x00001015       0x1d e:/mydocument/dropbox/futuregadgetresearch/sa/eclipse_stm32/yagarto/bin/../lib/gcc/arm-none-eabi/4.6.2/thumb/v7m\libgcc.a(_arm_cmpdf2.o)
 .ARM.attributes
                0x00001032       0x1d e:/mydocument/dropbox/futuregadgetresearch/sa/eclipse_stm32/yagarto/bin/../lib/gcc/arm-none-eabi/4.6.2/thumb/v7m\libgcc.a(_arm_fixdfsi.o)
 .ARM.attributes
                0x0000104f       0x2b e:/mydocument/dropbox/futuregadgetresearch/sa/eclipse_stm32/yagarto/bin/../lib/gcc/arm-none-eabi/4.6.2/thumb/v7m/crtend.o
 .ARM.attributes
                0x0000107a       0x1d e:/mydocument/dropbox/futuregadgetresearch/sa/eclipse_stm32/yagarto/bin/../lib/gcc/arm-none-eabi/4.6.2/thumb/v7m/crtn.o
OUTPUT(bin\main.elf elf32-littlearm)

.debug_line     0x00000000    0x1408d
 .debug_line    0x00000000       0x68 e:/mydocument/dropbox/futuregadgetresearch/sa/eclipse_stm32/yagarto/bin/../lib/gcc/arm-none-eabi/4.6.2/thumb/v7m/crti.o
 .debug_line    0x00000068       0x8a e:/mydocument/dropbox/futuregadgetresearch/sa/eclipse_stm32/yagarto/bin/../lib/gcc/arm-none-eabi/4.6.2/../../../../arm-none-eabi/lib/thumb/v7m/crt0.o
 .debug_line    0x000000f2      0xd39 src/stm32f4xx_it.o
 .debug_line    0x00000e2b      0x6c0 src/syscalls.o
 .debug_line    0x000014eb      0x49f src/system_stm32f4xx.o
 .debug_line    0x0000198a      0x825 src\Stdout/HalUsart.o
 .debug_line    0x000021af      0x99c src\Mpu-9250/HalI2c2.o
 .debug_line    0x00002b4b      0x70a src\Servo/HalTim.o
 .debug_line    0x00003255      0x854 src\AD7176-2/HalSpi2.o
 .debug_line    0x00003aa9      0xc8a src/main.o
 .debug_line    0x00004733      0x46f src/tweak.o
 .debug_line    0x00004ba2      0x723 src\Stdout/SerialCommand.o
 .debug_line    0x000052c5      0x6cd src\Adis16488/Adis16488.o
 .debug_line    0x00005992      0x7f7 src\Adis16488/HalSpi1.o
 .debug_line    0x00006189       0xa9 Libraries/CMSIS/Device/ST/STM32F4xx/Source/Templates/gcc_ride7/startup_stm32f4xx.o
 .debug_line    0x00006232      0x4b6 Libraries/libstm32f4xx.a(misc.o)
 .debug_line    0x000066e8      0x6b3 Libraries/libstm32f4xx.a(stm32f4xx_dma.o)
 .debug_line    0x00006d9b      0x515 Libraries/libstm32f4xx.a(stm32f4xx_exti.o)
 .debug_line    0x000072b0      0x5dd Libraries/libstm32f4xx.a(stm32f4xx_gpio.o)
 .debug_line    0x0000788d      0x784 Libraries/libstm32f4xx.a(stm32f4xx_i2c.o)
 .debug_line    0x00008011      0x827 Libraries/libstm32f4xx.a(stm32f4xx_rcc.o)
 .debug_line    0x00008838      0x711 Libraries/libstm32f4xx.a(stm32f4xx_spi.o)
 .debug_line    0x00008f49      0x4b7 Libraries/libstm32f4xx.a(stm32f4xx_syscfg.o)
 .debug_line    0x00009400      0xe90 Libraries/libstm32f4xx.a(stm32f4xx_tim.o)
 .debug_line    0x0000a290      0x746 Libraries/libstm32f4xx.a(stm32f4xx_usart.o)
 .debug_line    0x0000a9d6      0x8eb Libraries/libstm32f4xx.a(queue.o)
 .debug_line    0x0000b2c1      0xc2c Libraries/libstm32f4xx.a(tasks.o)
 .debug_line    0x0000beed      0x544 Libraries/libstm32f4xx.a(timers.o)
 .debug_line    0x0000c431      0x3bc Libraries/libstm32f4xx.a(port.o)
 .debug_line    0x0000c7ed      0x435 Libraries/libstm32f4xx.a(list.o)
 .debug_line    0x0000cc22      0x44c Libraries/libstm32f4xx.a(heap_2.o)
 .debug_line    0x0000d06e       0xc1 ../../yagarto/bin/../arm-none-eabi/lib/thumb\libc.a(lib_a-atexit.o)
 .debug_line    0x0000d12f      0x130 ../../yagarto/bin/../arm-none-eabi/lib/thumb\libc.a(lib_a-errno.o)
 .debug_line    0x0000d25f      0x16e ../../yagarto/bin/../arm-none-eabi/lib/thumb\libc.a(lib_a-exit.o)
 .debug_line    0x0000d3cd       0xdb ../../yagarto/bin/../arm-none-eabi/lib/thumb\libc.a(lib_a-fini.o)
 .debug_line    0x0000d4a8      0x113 ../../yagarto/bin/../arm-none-eabi/lib/thumb\libc.a(lib_a-impure.o)
 .debug_line    0x0000d5bb       0xed ../../yagarto/bin/../arm-none-eabi/lib/thumb\libc.a(lib_a-init.o)
 .debug_line    0x0000d6a8      0x174 ../../yagarto/bin/../arm-none-eabi/lib/thumb\libc.a(lib_a-malloc.o)
 .debug_line    0x0000d81c      0x354 ../../yagarto/bin/../arm-none-eabi/lib/thumb\libc.a(lib_a-mallocr.o)
 .debug_line    0x0000db70      0x147 ../../yagarto/bin/../arm-none-eabi/lib/thumb\libc.a(lib_a-memcmp.o)
 .debug_line    0x0000dcb7      0x161 ../../yagarto/bin/../arm-none-eabi/lib/thumb\libc.a(lib_a-memcpy.o)
 .debug_line    0x0000de18      0x15c ../../yagarto/bin/../arm-none-eabi/lib/thumb\libc.a(lib_a-memset.o)
 .debug_line    0x0000df74      0x125 ../../yagarto/bin/../arm-none-eabi/lib/thumb\libc.a(lib_a-mlock.o)
 .debug_line    0x0000e099      0x191 ../../yagarto/bin/../arm-none-eabi/lib/thumb\libc.a(lib_a-printf.o)
 .debug_line    0x0000e22a      0x172 ../../yagarto/bin/../arm-none-eabi/lib/thumb\libc.a(lib_a-sbrkr.o)
 .debug_line    0x0000e39c      0x1b7 ../../yagarto/bin/../arm-none-eabi/lib/thumb\libc.a(lib_a-sprintf.o)
 .debug_line    0x0000e553      0x11c ../../yagarto/bin/../arm-none-eabi/lib/thumb\libc.a(lib_a-strlen.o)
 .debug_line    0x0000e66f      0x175 ../../yagarto/bin/../arm-none-eabi/lib/thumb\libc.a(lib_a-strncmp.o)
 .debug_line    0x0000e7e4      0x89b ../../yagarto/bin/../arm-none-eabi/lib/thumb\libc.a(lib_a-svfprintf.o)
 .debug_line    0x0000f07f      0x8f7 ../../yagarto/bin/../arm-none-eabi/lib/thumb\libc.a(lib_a-vfprintf.o)
 .debug_line    0x0000f976      0x1c1 ../../yagarto/bin/../arm-none-eabi/lib/thumb\libc.a(lib_a-wsetup.o)
 .debug_line    0x0000fb37      0x162 ../../yagarto/bin/../arm-none-eabi/lib/thumb\libc.a(lib_a-__atexit.o)
 .debug_line    0x0000fc99      0x1c8 ../../yagarto/bin/../arm-none-eabi/lib/thumb\libc.a(lib_a-__call_atexit.o)
 .debug_line    0x0000fe61      0x72f ../../yagarto/bin/../arm-none-eabi/lib/thumb\libc.a(lib_a-dtoa.o)
 .debug_line    0x00010590      0x201 ../../yagarto/bin/../arm-none-eabi/lib/thumb\libc.a(lib_a-fflush.o)
 .debug_line    0x00010791      0x20b ../../yagarto/bin/../arm-none-eabi/lib/thumb\libc.a(lib_a-findfp.o)
 .debug_line    0x0001099c      0x1fe ../../yagarto/bin/../arm-none-eabi/lib/thumb\libc.a(lib_a-freer.o)
 .debug_line    0x00010b9a      0x1a1 ../../yagarto/bin/../arm-none-eabi/lib/thumb\libc.a(lib_a-fwalk.o)
 .debug_line    0x00010d3b      0x1b7 ../../yagarto/bin/../arm-none-eabi/lib/thumb\libc.a(lib_a-locale.o)
 .debug_line    0x00010ef2      0x1d2 ../../yagarto/bin/../arm-none-eabi/lib/thumb\libc.a(lib_a-makebuf.o)
 .debug_line    0x000110c4      0x14b ../../yagarto/bin/../arm-none-eabi/lib/thumb\libc.a(lib_a-memchr.o)
 .debug_line    0x0001120f      0x59d ../../yagarto/bin/../arm-none-eabi/lib/thumb\libc.a(lib_a-mprec.o)
 .debug_line    0x000117ac      0x166 ../../yagarto/bin/../arm-none-eabi/lib/thumb\libc.a(lib_a-reent.o)
 .debug_line    0x00011912      0x149 ../../yagarto/bin/../arm-none-eabi/lib/thumb\libc.a(lib_a-s_fpclassify.o)
 .debug_line    0x00011a5b      0x190 ../../yagarto/bin/../arm-none-eabi/lib/thumb\libc.a(lib_a-stdio.o)
 .debug_line    0x00011beb       0xbb ../../yagarto/bin/../arm-none-eabi/lib/thumb\libc.a(lib_a-strcmp.o)
 .debug_line    0x00011ca6      0x5bc ../../yagarto/bin/../arm-none-eabi/lib/thumb\libc.a(lib_a-svfiprintf.o)
 .debug_line    0x00012262      0x5cc ../../yagarto/bin/../arm-none-eabi/lib/thumb\libc.a(lib_a-vfiprintf.o)
 .debug_line    0x0001282e      0x153 ../../yagarto/bin/../arm-none-eabi/lib/thumb\libc.a(lib_a-callocr.o)
 .debug_line    0x00012981      0x1b2 ../../yagarto/bin/../arm-none-eabi/lib/thumb\libc.a(lib_a-fclose.o)
 .debug_line    0x00012b33      0x1b8 ../../yagarto/bin/../arm-none-eabi/lib/thumb\libc.a(lib_a-fputwc.o)
 .debug_line    0x00012ceb      0x29f ../../yagarto/bin/../arm-none-eabi/lib/thumb\libc.a(lib_a-fvwrite.o)
 .debug_line    0x00012f8a      0x17c ../../yagarto/bin/../arm-none-eabi/lib/thumb\libc.a(lib_a-memmove.o)
 .debug_line    0x00013106      0x29c ../../yagarto/bin/../arm-none-eabi/lib/thumb\libc.a(lib_a-reallocr.o)
 .debug_line    0x000133a2      0x1dd ../../yagarto/bin/../arm-none-eabi/lib/thumb\libc.a(lib_a-wbuf.o)
 .debug_line    0x0001357f      0x198 ../../yagarto/bin/../arm-none-eabi/lib/thumb\libc.a(lib_a-wcrtomb.o)
 .debug_line    0x00013717      0x197 ../../yagarto/bin/../arm-none-eabi/lib/thumb\libc.a(lib_a-wctomb_r.o)
 .debug_line    0x000138ae       0x93 e:/mydocument/dropbox/futuregadgetresearch/sa/eclipse_stm32/yagarto/bin/../lib/gcc/arm-none-eabi/4.6.2/thumb/v7m\libgcc.a(_udivsi3.o)
 .debug_line    0x00013941       0xa4 e:/mydocument/dropbox/futuregadgetresearch/sa/eclipse_stm32/yagarto/bin/../lib/gcc/arm-none-eabi/4.6.2/thumb/v7m\libgcc.a(_divsi3.o)
 .debug_line    0x000139e5       0x70 e:/mydocument/dropbox/futuregadgetresearch/sa/eclipse_stm32/yagarto/bin/../lib/gcc/arm-none-eabi/4.6.2/thumb/v7m\libgcc.a(_dvmd_tls.o)
 .debug_line    0x00013a55      0x20d e:/mydocument/dropbox/futuregadgetresearch/sa/eclipse_stm32/yagarto/bin/../lib/gcc/arm-none-eabi/4.6.2/thumb/v7m\libgcc.a(_arm_addsubdf3.o)
 .debug_line    0x00013c62      0x229 e:/mydocument/dropbox/futuregadgetresearch/sa/eclipse_stm32/yagarto/bin/../lib/gcc/arm-none-eabi/4.6.2/thumb/v7m\libgcc.a(_arm_muldivdf3.o)
 .debug_line    0x00013e8b      0x10f e:/mydocument/dropbox/futuregadgetresearch/sa/eclipse_stm32/yagarto/bin/../lib/gcc/arm-none-eabi/4.6.2/thumb/v7m\libgcc.a(_arm_cmpdf2.o)
 .debug_line    0x00013f9a       0x87 e:/mydocument/dropbox/futuregadgetresearch/sa/eclipse_stm32/yagarto/bin/../lib/gcc/arm-none-eabi/4.6.2/thumb/v7m\libgcc.a(_arm_fixdfsi.o)
 .debug_line    0x00014021       0x6c e:/mydocument/dropbox/futuregadgetresearch/sa/eclipse_stm32/yagarto/bin/../lib/gcc/arm-none-eabi/4.6.2/thumb/v7m/crtn.o

.debug_info     0x00000000    0x2a30f
 .debug_info    0x00000000       0x71 e:/mydocument/dropbox/futuregadgetresearch/sa/eclipse_stm32/yagarto/bin/../lib/gcc/arm-none-eabi/4.6.2/thumb/v7m/crti.o
 .debug_info    0x00000071       0xa5 e:/mydocument/dropbox/futuregadgetresearch/sa/eclipse_stm32/yagarto/bin/../lib/gcc/arm-none-eabi/4.6.2/../../../../arm-none-eabi/lib/thumb/v7m/crt0.o
 .debug_info    0x00000116      0x80b src/stm32f4xx_it.o
 .debug_info    0x00000921      0xdb9 src/syscalls.o
 .debug_info    0x000016da      0x614 src/system_stm32f4xx.o
 .debug_info    0x00001cee      0x7ee src\Stdout/HalUsart.o
 .debug_info    0x000024dc      0xf92 src\Mpu-9250/HalI2c2.o
 .debug_info    0x0000346e      0x622 src\Servo/HalTim.o
 .debug_info    0x00003a90      0xee6 src\AD7176-2/HalSpi2.o
 .debug_info    0x00004976      0x67d src/main.o
 .debug_info    0x00004ff3      0x59d src/tweak.o
 .debug_info    0x00005590       0xee src\Stdout/SerialCommand.o
 .debug_info    0x0000567e       0x95 src\Adis16488/Adis16488.o
 .debug_info    0x00005713      0xd4f src\Adis16488/HalSpi1.o
 .debug_info    0x00006462       0xce Libraries/CMSIS/Device/ST/STM32F4xx/Source/Templates/gcc_ride7/startup_stm32f4xx.o
 .debug_info    0x00006530      0x58f Libraries/libstm32f4xx.a(misc.o)
 .debug_info    0x00006abf      0x7d0 Libraries/libstm32f4xx.a(stm32f4xx_dma.o)
 .debug_info    0x0000728f      0x394 Libraries/libstm32f4xx.a(stm32f4xx_exti.o)
 .debug_info    0x00007623      0x670 Libraries/libstm32f4xx.a(stm32f4xx_gpio.o)
 .debug_info    0x00007c93      0xbaa Libraries/libstm32f4xx.a(stm32f4xx_i2c.o)
 .debug_info    0x0000883d      0xdf4 Libraries/libstm32f4xx.a(stm32f4xx_rcc.o)
 .debug_info    0x00009631      0xbfe Libraries/libstm32f4xx.a(stm32f4xx_spi.o)
 .debug_info    0x0000a22f      0x289 Libraries/libstm32f4xx.a(stm32f4xx_syscfg.o)
 .debug_info    0x0000a4b8     0x246f Libraries/libstm32f4xx.a(stm32f4xx_tim.o)
 .debug_info    0x0000c927      0xa5e Libraries/libstm32f4xx.a(stm32f4xx_usart.o)
 .debug_info    0x0000d385      0xcd3 Libraries/libstm32f4xx.a(queue.o)
 .debug_info    0x0000e058     0x1606 Libraries/libstm32f4xx.a(tasks.o)
 .debug_info    0x0000f65e      0x91e Libraries/libstm32f4xx.a(timers.o)
 .debug_info    0x0000ff7c      0x33d Libraries/libstm32f4xx.a(port.o)
 .debug_info    0x000102b9      0x2af Libraries/libstm32f4xx.a(list.o)
 .debug_info    0x00010568      0x2e3 Libraries/libstm32f4xx.a(heap_2.o)
 .debug_info    0x0001084b       0xc2 ../../yagarto/bin/../arm-none-eabi/lib/thumb\libc.a(lib_a-atexit.o)
 .debug_info    0x0001090d      0x964 ../../yagarto/bin/../arm-none-eabi/lib/thumb\libc.a(lib_a-errno.o)
 .debug_info    0x00011271      0x974 ../../yagarto/bin/../arm-none-eabi/lib/thumb\libc.a(lib_a-exit.o)
 .debug_info    0x00011be5       0xfb ../../yagarto/bin/../arm-none-eabi/lib/thumb\libc.a(lib_a-fini.o)
 .debug_info    0x00011ce0      0x966 ../../yagarto/bin/../arm-none-eabi/lib/thumb\libc.a(lib_a-impure.o)
 .debug_info    0x00012646      0x12f ../../yagarto/bin/../arm-none-eabi/lib/thumb\libc.a(lib_a-init.o)
 .debug_info    0x00012775      0x9a7 ../../yagarto/bin/../arm-none-eabi/lib/thumb\libc.a(lib_a-malloc.o)
 .debug_info    0x0001311c      0xd6b ../../yagarto/bin/../arm-none-eabi/lib/thumb\libc.a(lib_a-mallocr.o)
 .debug_info    0x00013e87      0x110 ../../yagarto/bin/../arm-none-eabi/lib/thumb\libc.a(lib_a-memcmp.o)
 .debug_info    0x00013f97      0x130 ../../yagarto/bin/../arm-none-eabi/lib/thumb\libc.a(lib_a-memcpy.o)
 .debug_info    0x000140c7      0x116 ../../yagarto/bin/../arm-none-eabi/lib/thumb\libc.a(lib_a-memset.o)
 .debug_info    0x000141dd      0x980 ../../yagarto/bin/../arm-none-eabi/lib/thumb\libc.a(lib_a-mlock.o)
 .debug_info    0x00014b5d      0xa23 ../../yagarto/bin/../arm-none-eabi/lib/thumb\libc.a(lib_a-printf.o)
 .debug_info    0x00015580      0x9ac ../../yagarto/bin/../arm-none-eabi/lib/thumb\libc.a(lib_a-sbrkr.o)
 .debug_info    0x00015f2c      0xa62 ../../yagarto/bin/../arm-none-eabi/lib/thumb\libc.a(lib_a-sprintf.o)
 .debug_info    0x0001698e       0xc9 ../../yagarto/bin/../arm-none-eabi/lib/thumb\libc.a(lib_a-strlen.o)
 .debug_info    0x00016a57       0xf2 ../../yagarto/bin/../arm-none-eabi/lib/thumb\libc.a(lib_a-strncmp.o)
 .debug_info    0x00016b49     0x1015 ../../yagarto/bin/../arm-none-eabi/lib/thumb\libc.a(lib_a-svfprintf.o)
 .debug_info    0x00017b5e     0x1157 ../../yagarto/bin/../arm-none-eabi/lib/thumb\libc.a(lib_a-vfprintf.o)
 .debug_info    0x00018cb5      0x992 ../../yagarto/bin/../arm-none-eabi/lib/thumb\libc.a(lib_a-wsetup.o)
 .debug_info    0x00019647      0x9ef ../../yagarto/bin/../arm-none-eabi/lib/thumb\libc.a(lib_a-__atexit.o)
 .debug_info    0x0001a036      0x9fc ../../yagarto/bin/../arm-none-eabi/lib/thumb\libc.a(lib_a-__call_atexit.o)
 .debug_info    0x0001aa32      0xdce ../../yagarto/bin/../arm-none-eabi/lib/thumb\libc.a(lib_a-dtoa.o)
 .debug_info    0x0001b800      0xaaf ../../yagarto/bin/../arm-none-eabi/lib/thumb\libc.a(lib_a-fflush.o)
 .debug_info    0x0001c2af      0xbfc ../../yagarto/bin/../arm-none-eabi/lib/thumb\libc.a(lib_a-findfp.o)
 .debug_info    0x0001ceab      0xc40 ../../yagarto/bin/../arm-none-eabi/lib/thumb\libc.a(lib_a-freer.o)
 .debug_info    0x0001daeb      0xb3c ../../yagarto/bin/../arm-none-eabi/lib/thumb\libc.a(lib_a-fwalk.o)
 .debug_info    0x0001e627      0xc97 ../../yagarto/bin/../arm-none-eabi/lib/thumb\libc.a(lib_a-locale.o)
 .debug_info    0x0001f2be      0xb45 ../../yagarto/bin/../arm-none-eabi/lib/thumb\libc.a(lib_a-makebuf.o)